[    0.000000] Initializing cgroup subsys cpuset
[    0.000000] Initializing cgroup subsys cpu
[    0.000000] Initializing cgroup subsys cpuacct
[    0.000000] Linux version 3.10.0-229.kux.x86_64 (root@localhost.localdomain) (gcc version 4.8.3 20140911 (Inspur 4.8.3-9) (GCC) ) #1 SMP Fri Apr 21 09:48:17 CST 2017
[    0.000000] Command line: BOOT_IMAGE=/vmlinuz-3.10.0-229.kux.x86_64 root=/dev/mapper/ik-root ro rd.lvm.lv=ik/root nomodeset rd.lvm.lv=ik/swap crashkernel=auto rhgb quiet LANG=en_US.UTF-8
[    0.000000] Disabled fast string operations
[    0.000000] e820: BIOS-provided physical RAM map:
[    0.000000] BIOS-e820: [mem 0x0000000000000000-0x000000000009f7ff] usable
[    0.000000] BIOS-e820: [mem 0x000000000009f800-0x000000000009ffff] reserved
[    0.000000] BIOS-e820: [mem 0x00000000000ca000-0x00000000000cbfff] reserved
[    0.000000] BIOS-e820: [mem 0x00000000000dc000-0x00000000000fffff] reserved
[    0.000000] BIOS-e820: [mem 0x0000000000100000-0x00000000bfedffff] usable
[    0.000000] BIOS-e820: [mem 0x00000000bfee0000-0x00000000bfefefff] ACPI data
[    0.000000] BIOS-e820: [mem 0x00000000bfeff000-0x00000000bfefffff] ACPI NVS
[    0.000000] BIOS-e820: [mem 0x00000000bff00000-0x00000000bfffffff] usable
[    0.000000] BIOS-e820: [mem 0x00000000e0000000-0x00000000efffffff] reserved
[    0.000000] BIOS-e820: [mem 0x00000000fec00000-0x00000000fec0ffff] reserved
[    0.000000] BIOS-e820: [mem 0x00000000fee00000-0x00000000fee00fff] reserved
[    0.000000] BIOS-e820: [mem 0x00000000fffe0000-0x00000000ffffffff] reserved
[    0.000000] BIOS-e820: [mem 0x0000000100000000-0x000000044effffff] usable
[    0.000000] BIOS-e820: [mem 0x0000000000000000-0x000000000009f7ff] usable
[    0.000000] BIOS-e820: [mem 0x000000000009f800-0x000000000009ffff] reserved
[    0.000000] BIOS-e820: [mem 0x00000000000ca000-0x00000000000cbfff] reserved
[    0.000000] BIOS-e820: [mem 0x00000000000dc000-0x00000000000fffff] reserved
[    0.000000] BIOS-e820: [mem 0x0000000000100000-0x00000000bfedffff] usable
[    0.000000] BIOS-e820: [mem 0x00000000bfee0000-0x00000000bfefefff] ACPI data
[    0.000000] BIOS-e820: [mem 0x00000000bfeff000-0x00000000bfefffff] ACPI NVS
[    0.000000] BIOS-e820: [mem 0x00000000bff00000-0x00000000bfffffff] usable
[    0.000000] BIOS-e820: [mem 0x00000000e0000000-0x00000000efffffff] reserved
[    0.000000] BIOS-e820: [mem 0x00000000fec00000-0x00000000fec0ffff] reserved
[    0.000000] BIOS-e820: [mem 0x00000000fee00000-0x00000000fee00fff] reserved
[    0.000000] BIOS-e820: [mem 0x00000000fffe0000-0x00000000ffffffff] reserved
[    0.000000] BIOS-e820: [mem 0x0000000100000000-0x000000044effffff] usable
[    0.000000] NX (Execute Disable) protection: active
[    0.000000] SMBIOS 2.4 present.
[    0.000000] DMI: VMware, Inc. VMware Virtual Platform/440BX Desktop Reference Platform, BIOS 6.00 06/22/2012
[    0.000000] Hypervisor detected: VMware
[    0.000000] e820: update [mem 0x00000000-0x00000fff] usable ==> reserved
[    0.000000] e820: remove [mem 0x000a0000-0x000fffff] usable
[    0.000000] No AGP bridge found
[    0.000000] e820: last_pfn = 0x44f000 max_arch_pfn = 0x400000000
[    0.000000] MTRR default type: uncachable
[    0.000000] MTRR fixed ranges enabled:
[    0.000000]   00000-9FFFF write-back
[    0.000000]   A0000-BFFFF uncachable
[    0.000000]   C0000-CBFFF write-protect
[    0.000000]   CC000-EFFFF uncachable
[    0.000000]   F0000-FFFFF write-protect
[    0.000000] MTRR variable ranges enabled:
[    0.000000]   0 base 00C0000000 mask FFC0000000 uncachable
[    0.000000]   1 base 0000000000 mask FC00000000 write-back
[    0.000000]   2 base 0400000000 mask FFC0000000 write-back
[    0.000000]   3 base 0440000000 mask FFF8000000 write-back
[    0.000000]   4 base 0448000000 mask FFFC000000 write-back
[    0.000000]   5 base 044C000000 mask FFFE000000 write-back
[    0.000000]   6 base 044E000000 mask FFFF000000 write-back
[    0.000000]   7 disabled
[    0.000000] x86 PAT enabled: cpu 0, old 0x0, new 0x7010600070106
[    0.000000] original variable MTRRs
[    0.000000] reg 0, base: 3GB, range: 1GB, type UC
[    0.000000] reg 1, base: 0GB, range: 16GB, type WB
[    0.000000] reg 2, base: 16GB, range: 1GB, type WB
[    0.000000] reg 3, base: 17GB, range: 128MB, type WB
[    0.000000] reg 4, base: 17536MB, range: 64MB, type WB
[    0.000000] reg 5, base: 17600MB, range: 32MB, type WB
[    0.000000] reg 6, base: 17632MB, range: 16MB, type WB
[    0.000000] total RAM covered: 16624M
[    0.000000] Found optimal setting for mtrr clean up
[    0.000000]  gran_size: 64K 	chunk_size: 32M 	num_reg: 7  	lose cover RAM: 0G
[    0.000000] New variable MTRRs
[    0.000000] reg 0, base: 0GB, range: 2GB, type WB
[    0.000000] reg 1, base: 2GB, range: 1GB, type WB
[    0.000000] reg 2, base: 4GB, range: 4GB, type WB
[    0.000000] reg 3, base: 8GB, range: 8GB, type WB
[    0.000000] reg 4, base: 16GB, range: 1GB, type WB
[    0.000000] reg 5, base: 17GB, range: 256MB, type WB
[    0.000000] reg 6, base: 17648MB, range: 16MB, type UC
[    0.000000] x86 PAT enabled: cpu 0, old 0x0, new 0x7010600070106
[    0.000000] e820: update [mem 0xc0000000-0xffffffff] usable ==> reserved
[    0.000000] e820: last_pfn = 0xc0000 max_arch_pfn = 0x400000000
[    0.000000] found SMP MP-table at [mem 0x000f6bf0-0x000f6bff] mapped at [ffff8800000f6bf0]
[    0.000000] Base memory trampoline at [ffff880000099000] 99000 size 24576
[    0.000000] init_memory_mapping: [mem 0x00000000-0x000fffff]
[    0.000000]  [mem 0x00000000-0x000fffff] page 4k
[    0.000000] BRK [0x01eee000, 0x01eeefff] PGTABLE
[    0.000000] BRK [0x01eef000, 0x01eeffff] PGTABLE
[    0.000000] BRK [0x01ef0000, 0x01ef0fff] PGTABLE
[    0.000000] init_memory_mapping: [mem 0x44ee00000-0x44effffff]
[    0.000000]  [mem 0x44ee00000-0x44effffff] page 2M
[    0.000000] BRK [0x01ef1000, 0x01ef1fff] PGTABLE
[    0.000000] init_memory_mapping: [mem 0x44c000000-0x44edfffff]
[    0.000000]  [mem 0x44c000000-0x44edfffff] page 2M
[    0.000000] init_memory_mapping: [mem 0x400000000-0x44bffffff]
[    0.000000]  [mem 0x400000000-0x44bffffff] page 2M
[    0.000000] BRK [0x01ef2000, 0x01ef2fff] PGTABLE
[    0.000000] init_memory_mapping: [mem 0x00100000-0xbfedffff]
[    0.000000]  [mem 0x00100000-0x001fffff] page 4k
[    0.000000]  [mem 0x00200000-0xbfdfffff] page 2M
[    0.000000]  [mem 0xbfe00000-0xbfedffff] page 4k
[    0.000000] init_memory_mapping: [mem 0xbff00000-0xbfffffff]
[    0.000000]  [mem 0xbff00000-0xbfffffff] page 4k
[    0.000000] init_memory_mapping: [mem 0x100000000-0x3ffffffff]
[    0.000000]  [mem 0x100000000-0x3ffffffff] page 2M
[    0.000000] BRK [0x01ef3000, 0x01ef3fff] PGTABLE
[    0.000000] RAMDISK: [mem 0x35b19000-0x36d84fff]
[    0.000000] ACPI: RSDP 00000000000f6b80 00024 (v02 PTLTD )
[    0.000000] ACPI: XSDT 00000000bfeeff3c 0005C (v01 INTEL  440BX    06040000 VMW  01324272)
[    0.000000] ACPI: FACP 00000000bfefee98 000F4 (v04 INTEL  440BX    06040000 PTL  000F4240)
[    0.000000] ACPI: DSDT 00000000bfef0224 0EC74 (v01 PTLTD  Custom   06040000 MSFT 03000001)
[    0.000000] ACPI: FACS 00000000bfefffc0 00040
[    0.000000] ACPI: BOOT 00000000bfef01fc 00028 (v01 PTLTD  $SBFTBL$ 06040000  LTP 00000001)
[    0.000000] ACPI: APIC 00000000bfef0182 0007A (v01 PTLTD  ? APIC   06040000  LTP 00000000)
[    0.000000] ACPI: MCFG 00000000bfef0146 0003C (v01 PTLTD  $PCITBL$ 06040000  LTP 00000001)
[    0.000000] ACPI: SRAT 00000000bfef005e 000E8 (v02 VMWARE MEMPLUG  06040000 VMW  00000001)
[    0.000000] ACPI: HPET 00000000bfef0026 00038 (v01 VMWARE VMW HPET 06040000 VMW  00000001)
[    0.000000] ACPI: WAET 00000000bfeeffd8 00028 (v01 VMWARE VMW WAET 06040000 VMW  00000001)
[    0.000000] ACPI: Local APIC address 0xfee00000
[    0.000000] SRAT: PXM 0 -> APIC 0x00 -> Node 0
[    0.000000] SRAT: PXM 0 -> APIC 0x01 -> Node 0
[    0.000000] SRAT: PXM 0 -> APIC 0x02 -> Node 0
[    0.000000] SRAT: PXM 0 -> APIC 0x03 -> Node 0
[    0.000000] SRAT: Node 0 PXM 0 [mem 0x00000000-0x0009ffff]
[    0.000000] SRAT: Node 0 PXM 0 [mem 0x00100000-0xbfffffff]
[    0.000000] SRAT: Node 0 PXM 0 [mem 0x100000000-0x44effffff]
[    0.000000] NUMA: Node 0 [mem 0x00000000-0x0009ffff] + [mem 0x00100000-0xbfffffff] -> [mem 0x00000000-0xbfffffff]
[    0.000000] NUMA: Node 0 [mem 0x00000000-0xbfffffff] + [mem 0x100000000-0x44effffff] -> [mem 0x00000000-0x44effffff]
[    0.000000] Initmem setup node 0 [mem 0x00000000-0x44effffff]
[    0.000000]   NODE_DATA [mem 0x44efc2000-0x44eff1fff]
[    0.000000] Reserving 162MB of memory at 688MB for crashkernel (System RAM: 16623MB)
[    0.000000]  [ffffea0000000000-ffffea00113fffff] PMD -> [ffff88043e200000-ffff88044e5fffff] on node 0
[    0.000000] Zone ranges:
[    0.000000]   DMA      [mem 0x00001000-0x00ffffff]
[    0.000000]   DMA32    [mem 0x01000000-0xffffffff]
[    0.000000]   Normal   [mem 0x100000000-0x44effffff]
[    0.000000]   Nvdimm   empty
[    0.000000] Movable zone start for each node
[    0.000000] Early memory node ranges
[    0.000000]   node   0: [mem 0x00001000-0x0009efff]
[    0.000000]   node   0: [mem 0x00100000-0xbfedffff]
[    0.000000]   node   0: [mem 0xbff00000-0xbfffffff]
[    0.000000]   node   0: [mem 0x100000000-0x44effffff]
[    0.000000] On node 0 totalpages: 4255614
[    0.000000]   DMA zone: 64 pages used for memmap
[    0.000000]   DMA zone: 21 pages reserved
[    0.000000]   DMA zone: 3998 pages, LIFO batch:0
[    0.000000]   DMA32 zone: 12224 pages used for memmap
[    0.000000]   DMA32 zone: 782304 pages, LIFO batch:31
[    0.000000]   Normal zone: 54208 pages used for memmap
[    0.000000]   Normal zone: 3469312 pages, LIFO batch:31
[    0.000000] ACPI: PM-Timer IO Port: 0x1008
[    0.000000] ACPI: Local APIC address 0xfee00000
[    0.000000] ACPI: LAPIC (acpi_id[0x00] lapic_id[0x00] enabled)
[    0.000000] ACPI: LAPIC (acpi_id[0x01] lapic_id[0x01] enabled)
[    0.000000] ACPI: LAPIC (acpi_id[0x02] lapic_id[0x02] enabled)
[    0.000000] ACPI: LAPIC (acpi_id[0x03] lapic_id[0x03] enabled)
[    0.000000] ACPI: LAPIC_NMI (acpi_id[0x00] high edge lint[0x1])
[    0.000000] ACPI: LAPIC_NMI (acpi_id[0x01] high edge lint[0x1])
[    0.000000] ACPI: LAPIC_NMI (acpi_id[0x02] high edge lint[0x1])
[    0.000000] ACPI: LAPIC_NMI (acpi_id[0x03] high edge lint[0x1])
[    0.000000] ACPI: IOAPIC (id[0x04] address[0xfec00000] gsi_base[0])
[    0.000000] IOAPIC[0]: apic_id 4, version 17, address 0xfec00000, GSI 0-23
[    0.000000] ACPI: INT_SRC_OVR (bus 0 bus_irq 0 global_irq 2 high edge)
[    0.000000] ACPI: IRQ0 used by override.
[    0.000000] ACPI: IRQ2 used by override.
[    0.000000] ACPI: IRQ9 used by override.
[    0.000000] Using ACPI (MADT) for SMP configuration information
[    0.000000] ACPI: HPET id: 0x8086af01 base: 0xfed00000
[    0.000000] smpboot: Allowing 4 CPUs, 0 hotplug CPUs
[    0.000000] nr_irqs_gsi: 40
[    0.000000] PM: Registered nosave memory: [mem 0x0009f000-0x0009ffff]
[    0.000000] PM: Registered nosave memory: [mem 0x000a0000-0x000c9fff]
[    0.000000] PM: Registered nosave memory: [mem 0x000ca000-0x000cbfff]
[    0.000000] PM: Registered nosave memory: [mem 0x000cc000-0x000dbfff]
[    0.000000] PM: Registered nosave memory: [mem 0x000dc000-0x000fffff]
[    0.000000] PM: Registered nosave memory: [mem 0xbfee0000-0xbfefefff]
[    0.000000] PM: Registered nosave memory: [mem 0xbfeff000-0xbfefffff]
[    0.000000] PM: Registered nosave memory: [mem 0xc0000000-0xdfffffff]
[    0.000000] PM: Registered nosave memory: [mem 0xe0000000-0xefffffff]
[    0.000000] PM: Registered nosave memory: [mem 0xf0000000-0xfebfffff]
[    0.000000] PM: Registered nosave memory: [mem 0xfec00000-0xfec0ffff]
[    0.000000] PM: Registered nosave memory: [mem 0xfec10000-0xfedfffff]
[    0.000000] PM: Registered nosave memory: [mem 0xfee00000-0xfee00fff]
[    0.000000] PM: Registered nosave memory: [mem 0xfee01000-0xfffdffff]
[    0.000000] PM: Registered nosave memory: [mem 0xfffe0000-0xffffffff]
[    0.000000] e820: [mem 0xc0000000-0xdfffffff] available for PCI devices
[    0.000000] Booting paravirtualized kernel on bare hardware
[    0.000000] setup_percpu: NR_CPUS:5120 nr_cpumask_bits:4 nr_cpu_ids:4 nr_node_ids:1
[    0.000000] PERCPU: Embedded 28 pages/cpu @ffff88044ec00000 s82752 r8192 d23744 u524288
[    0.000000] pcpu-alloc: s82752 r8192 d23744 u524288 alloc=1*2097152
[    0.000000] pcpu-alloc: [0] 0 1 2 3 
[    0.000000] Built 1 zonelists in Zone order, mobility grouping on.  Total pages: 4189097
[    0.000000] Policy zone: Normal
[    0.000000] Kernel command line: BOOT_IMAGE=/vmlinuz-3.10.0-229.kux.x86_64 root=/dev/mapper/ik-root ro rd.lvm.lv=ik/root nomodeset rd.lvm.lv=ik/swap crashkernel=auto rhgb quiet LANG=en_US.UTF-8
[    0.000000] PID hash table entries: 4096 (order: 3, 32768 bytes)
[    0.000000] xsave: enabled xstate_bv 0x7, cntxt size 0x340
[    0.000000] Checking aperture...
[    0.000000] No AGP bridge found
[    0.000000] Memory: 16489056k/18071552k available (6256k kernel code, 1049096k absent, 533400k reserved, 4198k data, 1608k init)
[    0.000000] SLUB: HWalign=64, Order=0-3, MinObjects=0, CPUs=4, Nodes=1
[    0.000000] Hierarchical RCU implementation.
[    0.000000] 	RCU restricting CPUs from NR_CPUS=5120 to nr_cpu_ids=4.
[    0.000000] 	Experimental no-CBs for all CPUs
[    0.000000] 	Experimental no-CBs CPUs: 0-3.
[    0.000000] NR_IRQS:327936 nr_irqs:712 16
[    0.000000] Console: colour VGA+ 80x25
[    0.000000] console [tty0] enabled
[    0.000000] allocated 68157440 bytes of page_cgroup
[    0.000000] please try 'cgroup_disable=memory' option if you don't want memory cgroups
[    0.000000] hpet clockevent registered
[    0.000000] TSC freq read from hypervisor : 1995.192 MHz
[    0.000000] tsc: Detected 1995.192 MHz processor
[    0.000005] Calibrating delay loop (skipped) preset value.. 3990.38 BogoMIPS (lpj=1995192)
[    0.000009] pid_max: default: 32768 minimum: 301
[    0.000036] Security Framework initialized
[    0.000045] SELinux:  Initializing.
[    0.000056] SELinux:  Starting in permissive mode
[    0.001524] Dentry cache hash table entries: 2097152 (order: 12, 16777216 bytes)
[    0.005294] Inode-cache hash table entries: 1048576 (order: 11, 8388608 bytes)
[    0.006785] Mount-cache hash table entries: 4096
[    0.007025] Initializing cgroup subsys memory
[    0.007036] Initializing cgroup subsys devices
[    0.007038] Initializing cgroup subsys freezer
[    0.007040] Initializing cgroup subsys net_cls
[    0.007042] Initializing cgroup subsys blkio
[    0.007045] Initializing cgroup subsys perf_event
[    0.007047] Initializing cgroup subsys hugetlb
[    0.007110] Disabled fast string operations
[    0.007114] CPU: Physical Processor ID: 0
[    0.007116] CPU: Processor Core ID: 0
[    0.007128] ENERGY_PERF_BIAS: Set to 'normal', was 'performance'
ENERGY_PERF_BIAS: View and update with x86_energy_perf_policy(8)
[    0.007132] mce: CPU supports 0 MCE banks
[    0.007152] Last level iTLB entries: 4KB 512, 2MB 0, 4MB 0
Last level dTLB entries: 4KB 512, 2MB 32, 4MB 32
tlb_flushall_shift: 6
[    0.007295] Freeing SMP alternatives: 24k freed
[    0.010581] ACPI: Core revision 20130517
[    0.017066] ACPI: All ACPI Tables successfully acquired
[    0.020299] ftrace: allocating 23952 entries in 94 pages
[    0.049473] ..TIMER: vector=0x30 apic1=0 pin1=2 apic2=-1 pin2=-1
[    0.059482] smpboot: CPU0: Intel(R) Xeon(R) CPU E5-2620 0 @ 2.00GHz (fam: 06, model: 2d, stepping: 07)
[    0.160957] Performance Events: 16-deep LBR, SandyBridge events, core PMU driver.
[    0.160979] perf_event_intel: PEBS disabled due to CPU errata, please upgrade microcode
[    0.160981] perf_event_intel: CPUID marked event: 'cpu cycles' unavailable
[    0.160983] perf_event_intel: CPUID marked event: 'instructions' unavailable
[    0.160985] perf_event_intel: CPUID marked event: 'bus cycles' unavailable
[    0.160986] perf_event_intel: CPUID marked event: 'cache references' unavailable
[    0.160988] perf_event_intel: CPUID marked event: 'cache misses' unavailable
[    0.160990] perf_event_intel: CPUID marked event: 'branch instructions' unavailable
[    0.160991] perf_event_intel: CPUID marked event: 'branch misses' unavailable
[    0.160995] ... version:                1
[    0.160997] ... bit width:              48
[    0.160998] ... generic registers:      4
[    0.161000] ... value mask:             0000ffffffffffff
[    0.161002] ... max period:             000000007fffffff
[    0.161003] ... fixed-purpose events:   0
[    0.161005] ... event mask:             000000000000000f
[    0.162522] NMI watchdog: disabled (cpu0): hardware events not enabled
[    0.173977] Disabled fast string operations
[    0.173989] mce: CPU supports 0 MCE banks
[    0.185562] Disabled fast string operations
[    0.185574] mce: CPU supports 0 MCE banks
[    0.162625] smpboot: Booting Node   0, Processors  #1 #2 #3 OK
[    0.197258] Disabled fast string operations
[    0.197270] mce: CPU supports 0 MCE banks
[    0.197369] Skipped synchronization checks as TSC is reliable.
[    0.197399] Brought up 4 CPUs
[    0.197402] smpboot: Total of 4 processors activated (15961.53 BogoMIPS)
[    0.197592] x86 PAT enabled: cpu 1, old 0x0, new 0x7010600070106
[    0.197658] x86 PAT enabled: cpu 2, old 0x0, new 0x7010600070106
[    0.197702] x86 PAT enabled: cpu 0, old 0x0, new 0x7010600070106
[    0.197775] x86 PAT enabled: cpu 3, old 0x0, new 0x7010600070106
[    0.198619] devtmpfs: initialized
[    0.201879] EVM: security.selinux
[    0.201881] EVM: security.ima
[    0.201883] EVM: security.capability
[    0.202083] PM: Registering ACPI NVS region [mem 0xbfeff000-0xbfefffff] (4096 bytes)
[    0.203048] atomic64 test passed for x86-64 platform with CX8 and with SSE
[    0.203161] NET: Registered protocol family 16
[    0.203344] ACPI: bus type PCI registered
[    0.203347] acpiphp: ACPI Hot Plug PCI Controller Driver version: 0.5
[    0.203552] PCI: MMCONFIG for domain 0000 [bus 00-ff] at [mem 0xe0000000-0xefffffff] (base 0xe0000000)
[    0.203556] PCI: MMCONFIG at [mem 0xe0000000-0xefffffff] reserved in E820
[    0.213315] PCI: Using configuration type 1 for base access
[    0.214961] ACPI: Added _OSI(Module Device)
[    0.214965] ACPI: Added _OSI(Processor Device)
[    0.214967] ACPI: Added _OSI(3.0 _SCP Extensions)
[    0.214969] ACPI: Added _OSI(Processor Aggregator Device)
[    0.219632] ACPI: EC: Look up EC in DSDT
[    0.228158] [Firmware Bug]: ACPI: BIOS _OSI(Linux) query ignored
[    0.238230] ACPI: Interpreter enabled
[    0.238239] ACPI Exception: AE_NOT_FOUND, While evaluating Sleep State [\_S2_] (20130517/hwxface-571)
[    0.238244] ACPI Exception: AE_NOT_FOUND, While evaluating Sleep State [\_S3_] (20130517/hwxface-571)
[    0.238252] ACPI: (supports S0 S1 S4 S5)
[    0.238254] ACPI: Using IOAPIC for interrupt routing
[    0.238275] PCI: Using host bridge windows from ACPI; if necessary, use "pci=nocrs" and report a bug
[    0.351927] ACPI: PCI Root Bridge [PCI0] (domain 0000 [bus 00-ff])
[    0.351935] acpi PNP0A03:00: _OSC: OS supports [ExtendedConfig ASPM ClockPM Segments MSI]
[    0.352139] acpi PNP0A03:00: _OSC: platform does not support [AER]
[    0.352333] acpi PNP0A03:00: _OSC: OS now controls [PCIeHotplug PME PCIeCapability]
[    0.354800] PCI host bridge to bus 0000:00
[    0.354805] pci_bus 0000:00: root bus resource [bus 00-ff]
[    0.354808] pci_bus 0000:00: root bus resource [mem 0x000a0000-0x000bffff]
[    0.354810] pci_bus 0000:00: root bus resource [mem 0x000cc000-0x000cffff]
[    0.354813] pci_bus 0000:00: root bus resource [mem 0x000d0000-0x000d3fff]
[    0.354815] pci_bus 0000:00: root bus resource [mem 0x000d4000-0x000d7fff]
[    0.354817] pci_bus 0000:00: root bus resource [mem 0x000d8000-0x000dbfff]
[    0.354820] pci_bus 0000:00: root bus resource [mem 0xc0000000-0xfebfffff]
[    0.354822] pci_bus 0000:00: root bus resource [io  0x0000-0x0cf7]
[    0.354824] pci_bus 0000:00: root bus resource [io  0x0d00-0xfeff]
[    0.354885] pci 0000:00:00.0: [8086:7190] type 00 class 0x060000
[    0.355506] pci 0000:00:01.0: [8086:7191] type 01 class 0x060400
[    0.356061] pci 0000:00:07.0: [8086:7110] type 00 class 0x060100
[    0.356804] pci 0000:00:07.1: [8086:7111] type 00 class 0x01018a
[    0.358552] pci 0000:00:07.1: reg 0x20: [io  0x10c0-0x10cf]
[    0.359389] pci 0000:00:07.1: legacy IDE quirk: reg 0x10: [io  0x01f0-0x01f7]
[    0.359393] pci 0000:00:07.1: legacy IDE quirk: reg 0x14: [io  0x03f6]
[    0.359395] pci 0000:00:07.1: legacy IDE quirk: reg 0x18: [io  0x0170-0x0177]
[    0.359398] pci 0000:00:07.1: legacy IDE quirk: reg 0x1c: [io  0x0376]
[    0.359624] pci 0000:00:07.3: [8086:7113] type 00 class 0x068000
[    0.361787] pci 0000:00:07.3: quirk: [io  0x1000-0x103f] claimed by PIIX4 ACPI
[    0.361801] pci 0000:00:07.3: quirk: [io  0x1040-0x104f] claimed by PIIX4 SMB
[    0.362135] pci 0000:00:07.7: [15ad:0740] type 00 class 0x088000
[    0.362894] pci 0000:00:07.7: reg 0x10: [io  0x1080-0x10bf]
[    0.363583] pci 0000:00:07.7: reg 0x14: [mem 0xd0000000-0xd0001fff 64bit]
[    0.366769] pci 0000:00:0f.0: [15ad:0405] type 00 class 0x030000
[    0.371546] pci 0000:00:0f.0: reg 0x10: [io  0x10d0-0x10df]
[    0.376219] pci 0000:00:0f.0: reg 0x14: [mem 0xd8000000-0xdbffffff pref]
[    0.380903] pci 0000:00:0f.0: reg 0x18: [mem 0xd0800000-0xd0ffffff]
[    0.399845] pci 0000:00:0f.0: reg 0x30: [mem 0x00000000-0x00007fff pref]
[    0.400287] pci 0000:00:11.0: [15ad:0790] type 01 class 0x060401
[    0.400919] pci 0000:00:11.0: System wakeup disabled by ACPI
[    0.401100] pci 0000:00:15.0: [15ad:07a0] type 01 class 0x060400
[    0.401855] pci 0000:00:15.0: PME# supported from D0 D3hot D3cold
[    0.402058] pci 0000:00:15.0: System wakeup disabled by ACPI
[    0.402208] pci 0000:00:15.1: [15ad:07a0] type 01 class 0x060400
[    0.402968] pci 0000:00:15.1: PME# supported from D0 D3hot D3cold
[    0.403169] pci 0000:00:15.1: System wakeup disabled by ACPI
[    0.403314] pci 0000:00:15.2: [15ad:07a0] type 01 class 0x060400
[    0.404065] pci 0000:00:15.2: PME# supported from D0 D3hot D3cold
[    0.404270] pci 0000:00:15.2: System wakeup disabled by ACPI
[    0.404416] pci 0000:00:15.3: [15ad:07a0] type 01 class 0x060400
[    0.405186] pci 0000:00:15.3: PME# supported from D0 D3hot D3cold
[    0.405388] pci 0000:00:15.3: System wakeup disabled by ACPI
[    0.405535] pci 0000:00:15.4: [15ad:07a0] type 01 class 0x060400
[    0.406287] pci 0000:00:15.4: PME# supported from D0 D3hot D3cold
[    0.406495] pci 0000:00:15.4: System wakeup disabled by ACPI
[    0.406653] pci 0000:00:15.5: [15ad:07a0] type 01 class 0x060400
[    0.407400] pci 0000:00:15.5: PME# supported from D0 D3hot D3cold
[    0.407600] pci 0000:00:15.5: System wakeup disabled by ACPI
[    0.407758] pci 0000:00:15.6: [15ad:07a0] type 01 class 0x060400
[    0.408499] pci 0000:00:15.6: PME# supported from D0 D3hot D3cold
[    0.408724] pci 0000:00:15.6: System wakeup disabled by ACPI
[    0.408885] pci 0000:00:15.7: [15ad:07a0] type 01 class 0x060400
[    0.409635] pci 0000:00:15.7: PME# supported from D0 D3hot D3cold
[    0.409848] pci 0000:00:15.7: System wakeup disabled by ACPI
[    0.409994] pci 0000:00:16.0: [15ad:07a0] type 01 class 0x060400
[    0.410754] pci 0000:00:16.0: PME# supported from D0 D3hot D3cold
[    0.410955] pci 0000:00:16.0: System wakeup disabled by ACPI
[    0.411103] pci 0000:00:16.1: [15ad:07a0] type 01 class 0x060400
[    0.411857] pci 0000:00:16.1: PME# supported from D0 D3hot D3cold
[    0.412058] pci 0000:00:16.1: System wakeup disabled by ACPI
[    0.412207] pci 0000:00:16.2: [15ad:07a0] type 01 class 0x060400
[    0.412960] pci 0000:00:16.2: PME# supported from D0 D3hot D3cold
[    0.413162] pci 0000:00:16.2: System wakeup disabled by ACPI
[    0.413307] pci 0000:00:16.3: [15ad:07a0] type 01 class 0x060400
[    0.414061] pci 0000:00:16.3: PME# supported from D0 D3hot D3cold
[    0.414266] pci 0000:00:16.3: System wakeup disabled by ACPI
[    0.414412] pci 0000:00:16.4: [15ad:07a0] type 01 class 0x060400
[    0.415164] pci 0000:00:16.4: PME# supported from D0 D3hot D3cold
[    0.415365] pci 0000:00:16.4: System wakeup disabled by ACPI
[    0.415510] pci 0000:00:16.5: [15ad:07a0] type 01 class 0x060400
[    0.416266] pci 0000:00:16.5: PME# supported from D0 D3hot D3cold
[    0.416476] pci 0000:00:16.5: System wakeup disabled by ACPI
[    0.416622] pci 0000:00:16.6: [15ad:07a0] type 01 class 0x060400
[    0.417391] pci 0000:00:16.6: PME# supported from D0 D3hot D3cold
[    0.417592] pci 0000:00:16.6: System wakeup disabled by ACPI
[    0.417749] pci 0000:00:16.7: [15ad:07a0] type 01 class 0x060400
[    0.418496] pci 0000:00:16.7: PME# supported from D0 D3hot D3cold
[    0.418707] pci 0000:00:16.7: System wakeup disabled by ACPI
[    0.418854] pci 0000:00:17.0: [15ad:07a0] type 01 class 0x060400
[    0.419596] pci 0000:00:17.0: PME# supported from D0 D3hot D3cold
[    0.419808] pci 0000:00:17.0: System wakeup disabled by ACPI
[    0.419956] pci 0000:00:17.1: [15ad:07a0] type 01 class 0x060400
[    0.420707] pci 0000:00:17.1: PME# supported from D0 D3hot D3cold
[    0.420909] pci 0000:00:17.1: System wakeup disabled by ACPI
[    0.421054] pci 0000:00:17.2: [15ad:07a0] type 01 class 0x060400
[    0.421814] pci 0000:00:17.2: PME# supported from D0 D3hot D3cold
[    0.422015] pci 0000:00:17.2: System wakeup disabled by ACPI
[    0.422160] pci 0000:00:17.3: [15ad:07a0] type 01 class 0x060400
[    0.422928] pci 0000:00:17.3: PME# supported from D0 D3hot D3cold
[    0.423129] pci 0000:00:17.3: System wakeup disabled by ACPI
[    0.423274] pci 0000:00:17.4: [15ad:07a0] type 01 class 0x060400
[    0.424039] pci 0000:00:17.4: PME# supported from D0 D3hot D3cold
[    0.424244] pci 0000:00:17.4: System wakeup disabled by ACPI
[    0.424394] pci 0000:00:17.5: [15ad:07a0] type 01 class 0x060400
[    0.425147] pci 0000:00:17.5: PME# supported from D0 D3hot D3cold
[    0.425348] pci 0000:00:17.5: System wakeup disabled by ACPI
[    0.425494] pci 0000:00:17.6: [15ad:07a0] type 01 class 0x060400
[    0.426253] pci 0000:00:17.6: PME# supported from D0 D3hot D3cold
[    0.426458] pci 0000:00:17.6: System wakeup disabled by ACPI
[    0.426604] pci 0000:00:17.7: [15ad:07a0] type 01 class 0x060400
[    0.427354] pci 0000:00:17.7: PME# supported from D0 D3hot D3cold
[    0.427556] pci 0000:00:17.7: System wakeup disabled by ACPI
[    0.427713] pci 0000:00:18.0: [15ad:07a0] type 01 class 0x060400
[    0.428462] pci 0000:00:18.0: PME# supported from D0 D3hot D3cold
[    0.428673] pci 0000:00:18.0: System wakeup disabled by ACPI
[    0.428822] pci 0000:00:18.1: [15ad:07a0] type 01 class 0x060400
[    0.429564] pci 0000:00:18.1: PME# supported from D0 D3hot D3cold
[    0.429777] pci 0000:00:18.1: System wakeup disabled by ACPI
[    0.429923] pci 0000:00:18.2: [15ad:07a0] type 01 class 0x060400
[    0.430677] pci 0000:00:18.2: PME# supported from D0 D3hot D3cold
[    0.430879] pci 0000:00:18.2: System wakeup disabled by ACPI
[    0.431024] pci 0000:00:18.3: [15ad:07a0] type 01 class 0x060400
[    0.431777] pci 0000:00:18.3: PME# supported from D0 D3hot D3cold
[    0.431979] pci 0000:00:18.3: System wakeup disabled by ACPI
[    0.432124] pci 0000:00:18.4: [15ad:07a0] type 01 class 0x060400
[    0.432878] pci 0000:00:18.4: PME# supported from D0 D3hot D3cold
[    0.433081] pci 0000:00:18.4: System wakeup disabled by ACPI
[    0.433226] pci 0000:00:18.5: [15ad:07a0] type 01 class 0x060400
[    0.433979] pci 0000:00:18.5: PME# supported from D0 D3hot D3cold
[    0.434184] pci 0000:00:18.5: System wakeup disabled by ACPI
[    0.434330] pci 0000:00:18.6: [15ad:07a0] type 01 class 0x060400
[    0.435084] pci 0000:00:18.6: PME# supported from D0 D3hot D3cold
[    0.435285] pci 0000:00:18.6: System wakeup disabled by ACPI
[    0.435435] pci 0000:00:18.7: [15ad:07a0] type 01 class 0x060400
[    0.436186] pci 0000:00:18.7: PME# supported from D0 D3hot D3cold
[    0.436400] pci 0000:00:18.7: System wakeup disabled by ACPI
[    0.436909] pci 0000:00:01.0: PCI bridge to [bus 01]
[    0.437334] acpiphp: Slot [32] registered
[    0.437360] acpiphp: Slot [33] registered
[    0.437387] acpiphp: Slot [34] registered
[    0.437409] acpiphp: Slot [35] registered
[    0.437431] acpiphp: Slot [36] registered
[    0.437452] acpiphp: Slot [37] registered
[    0.437473] acpiphp: Slot [38] registered
[    0.437494] acpiphp: Slot [39] registered
[    0.437515] acpiphp: Slot [40] registered
[    0.437540] acpiphp: Slot [41] registered
[    0.437561] acpiphp: Slot [42] registered
[    0.437582] acpiphp: Slot [43] registered
[    0.437603] acpiphp: Slot [44] registered
[    0.437637] acpiphp: Slot [45] registered
[    0.437659] acpiphp: Slot [46] registered
[    0.437686] acpiphp: Slot [47] registered
[    0.437712] acpiphp: Slot [48] registered
[    0.437733] acpiphp: Slot [49] registered
[    0.437754] acpiphp: Slot [50] registered
[    0.437779] acpiphp: Slot [51] registered
[    0.437800] acpiphp: Slot [52] registered
[    0.437821] acpiphp: Slot [53] registered
[    0.437842] acpiphp: Slot [54] registered
[    0.437867] acpiphp: Slot [55] registered
[    0.437888] acpiphp: Slot [56] registered
[    0.437909] acpiphp: Slot [57] registered
[    0.437930] acpiphp: Slot [58] registered
[    0.437951] acpiphp: Slot [59] registered
[    0.437972] acpiphp: Slot [60] registered
[    0.437992] acpiphp: Slot [61] registered
[    0.438013] acpiphp: Slot [62] registered
[    0.438041] acpiphp: Slot [63] registered
[    0.438376] pci 0000:00:11.0: PCI bridge to [bus 02] (subtractive decode)
[    0.438400] pci 0000:00:11.0:   bridge window [io  0x2000-0x3fff]
[    0.438423] pci 0000:00:11.0:   bridge window [mem 0xd1900000-0xd23fffff]
[    0.438466] pci 0000:00:11.0:   bridge window [mem 0xdc400000-0xdc9fffff 64bit pref]
[    0.438469] pci 0000:00:11.0:   bridge window [mem 0x000a0000-0x000bffff] (subtractive decode)
[    0.438471] pci 0000:00:11.0:   bridge window [mem 0x000cc000-0x000cffff] (subtractive decode)
[    0.438474] pci 0000:00:11.0:   bridge window [mem 0x000d0000-0x000d3fff] (subtractive decode)
[    0.438476] pci 0000:00:11.0:   bridge window [mem 0x000d4000-0x000d7fff] (subtractive decode)
[    0.438478] pci 0000:00:11.0:   bridge window [mem 0x000d8000-0x000dbfff] (subtractive decode)
[    0.438481] pci 0000:00:11.0:   bridge window [mem 0xc0000000-0xfebfffff] (subtractive decode)
[    0.438483] pci 0000:00:11.0:   bridge window [io  0x0000-0x0cf7] (subtractive decode)
[    0.438489] pci 0000:00:11.0:   bridge window [io  0x0d00-0xfeff] (subtractive decode)
[    0.439006] pci 0000:03:00.0: [15ad:07c0] type 00 class 0x010700
[    0.440944] pci 0000:03:00.0: reg 0x10: [io  0x4008-0x400f]
[    0.443050] pci 0000:03:00.0: reg 0x14: [mem 0xd2400000-0xd2407fff 64bit]
[    0.450629] pci 0000:03:00.0: reg 0x30: [mem 0x00000000-0x0000ffff pref]
[    0.451060] pci 0000:03:00.0: PME# supported from D0 D3hot D3cold
[    0.451217] pci 0000:03:00.0: System wakeup disabled by ACPI
[    0.451262] pci 0000:03:00.0: disabling ASPM on pre-1.1 PCIe device.  You can enable it with 'pcie_aspm=force'
[    0.451320] pci 0000:00:15.0: PCI bridge to [bus 03]
[    0.451343] pci 0000:00:15.0:   bridge window [io  0x4000-0x4fff]
[    0.451368] pci 0000:00:15.0:   bridge window [mem 0xd2400000-0xd24fffff]
[    0.451411] pci 0000:00:15.0:   bridge window [mem 0xd4400000-0xd44fffff 64bit pref]
[    0.451881] pci 0000:00:15.1: PCI bridge to [bus 04]
[    0.451904] pci 0000:00:15.1:   bridge window [io  0x8000-0x8fff]
[    0.451927] pci 0000:00:15.1:   bridge window [mem 0xd2800000-0xd28fffff]
[    0.451970] pci 0000:00:15.1:   bridge window [mem 0xd4800000-0xd48fffff 64bit pref]
[    0.452405] pci 0000:00:15.2: PCI bridge to [bus 05]
[    0.452428] pci 0000:00:15.2:   bridge window [io  0xc000-0xcfff]
[    0.452451] pci 0000:00:15.2:   bridge window [mem 0xd2c00000-0xd2cfffff]
[    0.452494] pci 0000:00:15.2:   bridge window [mem 0xdcb00000-0xdcbfffff 64bit pref]
[    0.452943] pci 0000:00:15.3: PCI bridge to [bus 06]
[    0.452986] pci 0000:00:15.3:   bridge window [mem 0xd3000000-0xd30fffff]
[    0.453029] pci 0000:00:15.3:   bridge window [mem 0xdcd00000-0xdcdfffff 64bit pref]
[    0.453463] pci 0000:00:15.4: PCI bridge to [bus 07]
[    0.453506] pci 0000:00:15.4:   bridge window [mem 0xd3400000-0xd34fffff]
[    0.453548] pci 0000:00:15.4:   bridge window [mem 0xdcf00000-0xdcffffff 64bit pref]
[    0.453993] pci 0000:00:15.5: PCI bridge to [bus 08]
[    0.454036] pci 0000:00:15.5:   bridge window [mem 0xd3800000-0xd38fffff]
[    0.454079] pci 0000:00:15.5:   bridge window [mem 0xdd100000-0xdd1fffff 64bit pref]
[    0.454510] pci 0000:00:15.6: PCI bridge to [bus 09]
[    0.454552] pci 0000:00:15.6:   bridge window [mem 0xd3c00000-0xd3cfffff]
[    0.454595] pci 0000:00:15.6:   bridge window [mem 0xdd300000-0xdd3fffff 64bit pref]
[    0.455044] pci 0000:00:15.7: PCI bridge to [bus 0a]
[    0.455087] pci 0000:00:15.7:   bridge window [mem 0xd4000000-0xd40fffff]
[    0.455130] pci 0000:00:15.7:   bridge window [mem 0xdd500000-0xdd5fffff 64bit pref]
[    0.455665] pci 0000:0b:00.0: [15ad:07b0] type 00 class 0x020000
[    0.456979] pci 0000:0b:00.0: reg 0x10: [mem 0xd2504000-0xd2504fff]
[    0.458240] pci 0000:0b:00.0: reg 0x14: [mem 0xd2503000-0xd2503fff]
[    0.459491] pci 0000:0b:00.0: reg 0x18: [mem 0xd2500000-0xd2501fff]
[    0.460749] pci 0000:0b:00.0: reg 0x1c: [io  0x5000-0x500f]
[    0.464485] pci 0000:0b:00.0: reg 0x30: [mem 0x00000000-0x0000ffff pref]
[    0.464929] pci 0000:0b:00.0: supports D1 D2
[    0.464932] pci 0000:0b:00.0: PME# supported from D0 D1 D2 D3hot D3cold
[    0.465092] pci 0000:0b:00.0: System wakeup disabled by ACPI
[    0.465132] pci 0000:0b:00.0: disabling ASPM on pre-1.1 PCIe device.  You can enable it with 'pcie_aspm=force'
[    0.465189] pci 0000:00:16.0: PCI bridge to [bus 0b]
[    0.465212] pci 0000:00:16.0:   bridge window [io  0x5000-0x5fff]
[    0.465235] pci 0000:00:16.0:   bridge window [mem 0xd2500000-0xd25fffff]
[    0.465279] pci 0000:00:16.0:   bridge window [mem 0xd4500000-0xd45fffff 64bit pref]
[    0.465735] pci 0000:00:16.1: PCI bridge to [bus 0c]
[    0.465758] pci 0000:00:16.1:   bridge window [io  0x9000-0x9fff]
[    0.465781] pci 0000:00:16.1:   bridge window [mem 0xd2900000-0xd29fffff]
[    0.465823] pci 0000:00:16.1:   bridge window [mem 0xd4900000-0xd49fffff 64bit pref]
[    0.466263] pci 0000:00:16.2: PCI bridge to [bus 0d]
[    0.466286] pci 0000:00:16.2:   bridge window [io  0xd000-0xdfff]
[    0.466310] pci 0000:00:16.2:   bridge window [mem 0xd2d00000-0xd2dfffff]
[    0.466352] pci 0000:00:16.2:   bridge window [mem 0xd4b00000-0xd4bfffff 64bit pref]
[    0.466813] pci 0000:00:16.3: PCI bridge to [bus 0e]
[    0.466856] pci 0000:00:16.3:   bridge window [mem 0xd3100000-0xd31fffff]
[    0.466898] pci 0000:00:16.3:   bridge window [mem 0xd4d00000-0xd4dfffff 64bit pref]
[    0.467335] pci 0000:00:16.4: PCI bridge to [bus 0f]
[    0.467378] pci 0000:00:16.4:   bridge window [mem 0xd3500000-0xd35fffff]
[    0.467421] pci 0000:00:16.4:   bridge window [mem 0xd4f00000-0xd4ffffff 64bit pref]
[    0.467864] pci 0000:00:16.5: PCI bridge to [bus 10]
[    0.467906] pci 0000:00:16.5:   bridge window [mem 0xd3900000-0xd39fffff]
[    0.467949] pci 0000:00:16.5:   bridge window [mem 0xd5100000-0xd51fffff 64bit pref]
[    0.468385] pci 0000:00:16.6: PCI bridge to [bus 11]
[    0.468428] pci 0000:00:16.6:   bridge window [mem 0xd3d00000-0xd3dfffff]
[    0.468471] pci 0000:00:16.6:   bridge window [mem 0xd5300000-0xd53fffff 64bit pref]
[    0.468918] pci 0000:00:16.7: PCI bridge to [bus 12]
[    0.468961] pci 0000:00:16.7:   bridge window [mem 0xd4100000-0xd41fffff]
[    0.469004] pci 0000:00:16.7:   bridge window [mem 0xd5500000-0xd55fffff 64bit pref]
[    0.469444] pci 0000:00:17.0: PCI bridge to [bus 13]
[    0.469466] pci 0000:00:17.0:   bridge window [io  0x6000-0x6fff]
[    0.469490] pci 0000:00:17.0:   bridge window [mem 0xd2600000-0xd26fffff]
[    0.469532] pci 0000:00:17.0:   bridge window [mem 0xd4600000-0xd46fffff 64bit pref]
[    0.469987] pci 0000:00:17.1: PCI bridge to [bus 14]
[    0.470009] pci 0000:00:17.1:   bridge window [io  0xa000-0xafff]
[    0.470032] pci 0000:00:17.1:   bridge window [mem 0xd2a00000-0xd2afffff]
[    0.470075] pci 0000:00:17.1:   bridge window [mem 0xdca00000-0xdcafffff 64bit pref]
[    0.470516] pci 0000:00:17.2: PCI bridge to [bus 15]
[    0.470539] pci 0000:00:17.2:   bridge window [io  0xe000-0xefff]
[    0.470562] pci 0000:00:17.2:   bridge window [mem 0xd2e00000-0xd2efffff]
[    0.470615] pci 0000:00:17.2:   bridge window [mem 0xdcc00000-0xdccfffff 64bit pref]
[    0.471050] pci 0000:00:17.3: PCI bridge to [bus 16]
[    0.471093] pci 0000:00:17.3:   bridge window [mem 0xd3200000-0xd32fffff]
[    0.471136] pci 0000:00:17.3:   bridge window [mem 0xdce00000-0xdcefffff 64bit pref]
[    0.471571] pci 0000:00:17.4: PCI bridge to [bus 17]
[    0.471625] pci 0000:00:17.4:   bridge window [mem 0xd3600000-0xd36fffff]
[    0.471667] pci 0000:00:17.4:   bridge window [mem 0xdd000000-0xdd0fffff 64bit pref]
[    0.472101] pci 0000:00:17.5: PCI bridge to [bus 18]
[    0.472144] pci 0000:00:17.5:   bridge window [mem 0xd3a00000-0xd3afffff]
[    0.472186] pci 0000:00:17.5:   bridge window [mem 0xdd200000-0xdd2fffff 64bit pref]
[    0.472631] pci 0000:00:17.6: PCI bridge to [bus 19]
[    0.472674] pci 0000:00:17.6:   bridge window [mem 0xd3e00000-0xd3efffff]
[    0.472717] pci 0000:00:17.6:   bridge window [mem 0xdd400000-0xdd4fffff 64bit pref]
[    0.473151] pci 0000:00:17.7: PCI bridge to [bus 1a]
[    0.473194] pci 0000:00:17.7:   bridge window [mem 0xd4200000-0xd42fffff]
[    0.473237] pci 0000:00:17.7:   bridge window [mem 0xdd600000-0xdd6fffff 64bit pref]
[    0.473683] pci 0000:00:18.0: PCI bridge to [bus 1b]
[    0.473706] pci 0000:00:18.0:   bridge window [io  0x7000-0x7fff]
[    0.473729] pci 0000:00:18.0:   bridge window [mem 0xd2700000-0xd27fffff]
[    0.473772] pci 0000:00:18.0:   bridge window [mem 0xd4700000-0xd47fffff 64bit pref]
[    0.474207] pci 0000:00:18.1: PCI bridge to [bus 1c]
[    0.474229] pci 0000:00:18.1:   bridge window [io  0xb000-0xbfff]
[    0.474253] pci 0000:00:18.1:   bridge window [mem 0xd2b00000-0xd2bfffff]
[    0.474295] pci 0000:00:18.1:   bridge window [mem 0xd4a00000-0xd4afffff 64bit pref]
[    0.474742] pci 0000:00:18.2: PCI bridge to [bus 1d]
[    0.474765] pci 0000:00:18.2:   bridge window [io  0xf000-0xffff]
[    0.474788] pci 0000:00:18.2:   bridge window [mem 0xd2f00000-0xd2ffffff]
[    0.474830] pci 0000:00:18.2:   bridge window [mem 0xd4c00000-0xd4cfffff 64bit pref]
[    0.475265] pci 0000:00:18.3: PCI bridge to [bus 1e]
[    0.475307] pci 0000:00:18.3:   bridge window [mem 0xd3300000-0xd33fffff]
[    0.475350] pci 0000:00:18.3:   bridge window [mem 0xd4e00000-0xd4efffff 64bit pref]
[    0.475805] pci 0000:00:18.4: PCI bridge to [bus 1f]
[    0.475847] pci 0000:00:18.4:   bridge window [mem 0xd3700000-0xd37fffff]
[    0.475890] pci 0000:00:18.4:   bridge window [mem 0xd5000000-0xd50fffff 64bit pref]
[    0.476325] pci 0000:00:18.5: PCI bridge to [bus 20]
[    0.476373] pci 0000:00:18.5:   bridge window [mem 0xd3b00000-0xd3bfffff]
[    0.476416] pci 0000:00:18.5:   bridge window [mem 0xd5200000-0xd52fffff 64bit pref]
[    0.476863] pci 0000:00:18.6: PCI bridge to [bus 21]
[    0.476906] pci 0000:00:18.6:   bridge window [mem 0xd3f00000-0xd3ffffff]
[    0.476948] pci 0000:00:18.6:   bridge window [mem 0xd5400000-0xd54fffff 64bit pref]
[    0.477412] pci 0000:00:18.7: PCI bridge to [bus 22]
[    0.477454] pci 0000:00:18.7:   bridge window [mem 0xd4300000-0xd43fffff]
[    0.477497] pci 0000:00:18.7:   bridge window [mem 0xd5600000-0xd56fffff 64bit pref]
[    0.479642] ACPI: PCI Interrupt Link [LNKA] (IRQs 3 4 5 6 7 *9 10 11 14 15)
[    0.479733] ACPI: PCI Interrupt Link [LNKB] (IRQs 3 4 5 6 7 9 10 11 14 15) *0, disabled.
[    0.479819] ACPI: PCI Interrupt Link [LNKC] (IRQs 3 4 5 6 7 9 10 *11 14 15)
[    0.479903] ACPI: PCI Interrupt Link [LNKD] (IRQs 3 4 5 6 7 9 *10 11 14 15)
[    0.519778] ACPI: Enabled 2 GPEs in block 00 to 0F
[    0.519971] vgaarb: device added: PCI:0000:00:0f.0,decodes=io+mem,owns=io+mem,locks=none
[    0.519979] vgaarb: loaded
[    0.519981] vgaarb: bridge control possible 0000:00:0f.0
[    0.520065] SCSI subsystem initialized
[    0.520091] ACPI: bus type USB registered
[    0.520109] usbcore: registered new interface driver usbfs
[    0.520125] usbcore: registered new interface driver hub
[    0.520198] usbcore: registered new device driver usb
[    0.520345] PCI: Using ACPI for IRQ routing
[    0.589062] PCI: pci_cache_line_size set to 64 bytes
[    0.589083] pci 0000:00:18.2: can't claim BAR 13 [io  0xf000-0xffff]: no compatible bridge window
[    0.589947] e820: reserve RAM buffer [mem 0x0009f800-0x0009ffff]
[    0.589950] e820: reserve RAM buffer [mem 0xbfee0000-0xbfffffff]
[    0.589953] e820: reserve RAM buffer [mem 0x44f000000-0x44fffffff]
[    0.590061] NetLabel: Initializing
[    0.590064] NetLabel:  domain hash size = 128
[    0.590065] NetLabel:  protocols = UNLABELED CIPSOv4
[    0.590077] NetLabel:  unlabeled traffic allowed by default
[    0.590198] hpet0: at MMIO 0xfed00000, IRQs 2, 8, 0, 0, 0, 0, 0, 0, 0, 0, 0, 0, 0, 0, 0, 0
[    0.590207] hpet0: 16 comparators, 64-bit 14.318180 MHz counter
[    0.593324] Switching to clocksource hpet
[    0.599033] pnp: PnP ACPI init
[    0.599047] ACPI: bus type PNP registered
[    0.599207] system 00:00: [io  0x1000-0x103f] could not be reserved
[    0.599210] system 00:00: [io  0x1040-0x104f] has been reserved
[    0.599213] system 00:00: [io  0x0cf0-0x0cf1] has been reserved
[    0.599217] system 00:00: Plug and Play ACPI device, IDs PNP0c02 (active)
[    0.599232] pnp 00:01: [dma 4]
[    0.599244] pnp 00:01: Plug and Play ACPI device, IDs PNP0200 (active)
[    0.599264] pnp 00:02: Plug and Play ACPI device, IDs PNP0001 (active)
[    0.599297] pnp 00:03: Plug and Play ACPI device, IDs PNP0b00 (active)
[    0.599317] pnp 00:04: Plug and Play ACPI device, IDs PNP0800 (active)
[    0.599338] pnp 00:05: Plug and Play ACPI device, IDs PNP0303 (active)
[    0.599359] pnp 00:06: Plug and Play ACPI device, IDs PNP0f13 (active)
[    0.599589] system 00:07: [mem 0xfed00000-0xfed003ff] has been reserved
[    0.599593] system 00:07: Plug and Play ACPI device, IDs PNP0103 PNP0c01 (active)
[    0.607903] pnp 00:08: Plug and Play ACPI device, IDs PNP0400 (active)
[    0.615702] pnp 00:09: Plug and Play ACPI device, IDs PNP0501 (active)
[    0.622559] pnp 00:0a: Plug and Play ACPI device, IDs PNP0501 (active)
[    0.629880] pnp 00:0b: [dma 2]
[    0.631291] pnp 00:0b: Plug and Play ACPI device, IDs PNP0700 (active)
[    0.631544] system 00:0c: [io  0x1060-0x107f] has been reserved
[    0.631549] system 00:0c: [mem 0xe0000000-0xefffffff] has been reserved
[    0.631552] system 00:0c: [mem 0xd0200000-0xd03fffff] has been reserved
[    0.631556] system 00:0c: Plug and Play ACPI device, IDs PNP0c02 (active)
[    0.659444] pnp: PnP ACPI: found 13 devices
[    0.659447] ACPI: bus type PNP unregistered
[    0.668850] pci 0000:00:15.3: bridge window [io  0x1000-0x0fff] to [bus 06] add_size 1000
[    0.668915] pci 0000:00:15.4: bridge window [io  0x1000-0x0fff] to [bus 07] add_size 1000
[    0.668979] pci 0000:00:15.5: bridge window [io  0x1000-0x0fff] to [bus 08] add_size 1000
[    0.669042] pci 0000:00:15.6: bridge window [io  0x1000-0x0fff] to [bus 09] add_size 1000
[    0.669108] pci 0000:00:15.7: bridge window [io  0x1000-0x0fff] to [bus 0a] add_size 1000
[    0.669367] pci 0000:00:16.3: bridge window [io  0x1000-0x0fff] to [bus 0e] add_size 1000
[    0.669430] pci 0000:00:16.4: bridge window [io  0x1000-0x0fff] to [bus 0f] add_size 1000
[    0.669493] pci 0000:00:16.5: bridge window [io  0x1000-0x0fff] to [bus 10] add_size 1000
[    0.669556] pci 0000:00:16.6: bridge window [io  0x1000-0x0fff] to [bus 11] add_size 1000
[    0.669619] pci 0000:00:16.7: bridge window [io  0x1000-0x0fff] to [bus 12] add_size 1000
[    0.669868] pci 0000:00:17.3: bridge window [io  0x1000-0x0fff] to [bus 16] add_size 1000
[    0.669931] pci 0000:00:17.4: bridge window [io  0x1000-0x0fff] to [bus 17] add_size 1000
[    0.669994] pci 0000:00:17.5: bridge window [io  0x1000-0x0fff] to [bus 18] add_size 1000
[    0.670056] pci 0000:00:17.6: bridge window [io  0x1000-0x0fff] to [bus 19] add_size 1000
[    0.670119] pci 0000:00:17.7: bridge window [io  0x1000-0x0fff] to [bus 1a] add_size 1000
[    0.670302] pci 0000:00:18.2: bridge window [io  0x1000-0x0fff] to [bus 1d] add_size 1000
[    0.670381] pci 0000:00:18.3: bridge window [io  0x1000-0x0fff] to [bus 1e] add_size 1000
[    0.670444] pci 0000:00:18.4: bridge window [io  0x1000-0x0fff] to [bus 1f] add_size 1000
[    0.670508] pci 0000:00:18.5: bridge window [io  0x1000-0x0fff] to [bus 20] add_size 1000
[    0.670570] pci 0000:00:18.6: bridge window [io  0x1000-0x0fff] to [bus 21] add_size 1000
[    0.670633] pci 0000:00:18.7: bridge window [io  0x1000-0x0fff] to [bus 22] add_size 1000
[    0.670646] pci 0000:00:15.3: res[13]=[io  0x1000-0x0fff] get_res_add_size add_size 1000
[    0.670649] pci 0000:00:15.4: res[13]=[io  0x1000-0x0fff] get_res_add_size add_size 1000
[    0.670651] pci 0000:00:15.5: res[13]=[io  0x1000-0x0fff] get_res_add_size add_size 1000
[    0.670654] pci 0000:00:15.6: res[13]=[io  0x1000-0x0fff] get_res_add_size add_size 1000
[    0.670656] pci 0000:00:15.7: res[13]=[io  0x1000-0x0fff] get_res_add_size add_size 1000
[    0.670658] pci 0000:00:16.3: res[13]=[io  0x1000-0x0fff] get_res_add_size add_size 1000
[    0.670661] pci 0000:00:16.4: res[13]=[io  0x1000-0x0fff] get_res_add_size add_size 1000
[    0.670663] pci 0000:00:16.5: res[13]=[io  0x1000-0x0fff] get_res_add_size add_size 1000
[    0.670665] pci 0000:00:16.6: res[13]=[io  0x1000-0x0fff] get_res_add_size add_size 1000
[    0.670668] pci 0000:00:16.7: res[13]=[io  0x1000-0x0fff] get_res_add_size add_size 1000
[    0.670670] pci 0000:00:17.3: res[13]=[io  0x1000-0x0fff] get_res_add_size add_size 1000
[    0.670672] pci 0000:00:17.4: res[13]=[io  0x1000-0x0fff] get_res_add_size add_size 1000
[    0.670675] pci 0000:00:17.5: res[13]=[io  0x1000-0x0fff] get_res_add_size add_size 1000
[    0.670677] pci 0000:00:17.6: res[13]=[io  0x1000-0x0fff] get_res_add_size add_size 1000
[    0.670679] pci 0000:00:17.7: res[13]=[io  0x1000-0x0fff] get_res_add_size add_size 1000
[    0.670682] pci 0000:00:18.2: res[13]=[io  0x1000-0x0fff] get_res_add_size add_size 1000
[    0.670684] pci 0000:00:18.3: res[13]=[io  0x1000-0x0fff] get_res_add_size add_size 1000
[    0.670686] pci 0000:00:18.4: res[13]=[io  0x1000-0x0fff] get_res_add_size add_size 1000
[    0.670689] pci 0000:00:18.5: res[13]=[io  0x1000-0x0fff] get_res_add_size add_size 1000
[    0.670691] pci 0000:00:18.6: res[13]=[io  0x1000-0x0fff] get_res_add_size add_size 1000
[    0.670693] pci 0000:00:18.7: res[13]=[io  0x1000-0x0fff] get_res_add_size add_size 1000
[    0.670700] pci 0000:00:0f.0: BAR 6: assigned [mem 0xc0000000-0xc0007fff pref]
[    0.670705] pci 0000:00:15.3: BAR 13: can't assign io (size 0x1000)
[    0.670708] pci 0000:00:15.4: BAR 13: can't assign io (size 0x1000)
[    0.670711] pci 0000:00:15.5: BAR 13: can't assign io (size 0x1000)
[    0.670714] pci 0000:00:15.6: BAR 13: can't assign io (size 0x1000)
[    0.670717] pci 0000:00:15.7: BAR 13: can't assign io (size 0x1000)
[    0.670720] pci 0000:00:16.3: BAR 13: can't assign io (size 0x1000)
[    0.670722] pci 0000:00:16.4: BAR 13: can't assign io (size 0x1000)
[    0.670725] pci 0000:00:16.5: BAR 13: can't assign io (size 0x1000)
[    0.670728] pci 0000:00:16.6: BAR 13: can't assign io (size 0x1000)
[    0.670731] pci 0000:00:16.7: BAR 13: can't assign io (size 0x1000)
[    0.670734] pci 0000:00:17.3: BAR 13: can't assign io (size 0x1000)
[    0.670737] pci 0000:00:17.4: BAR 13: can't assign io (size 0x1000)
[    0.670740] pci 0000:00:17.5: BAR 13: can't assign io (size 0x1000)
[    0.670746] pci 0000:00:17.6: BAR 13: can't assign io (size 0x1000)
[    0.670749] pci 0000:00:17.7: BAR 13: can't assign io (size 0x1000)
[    0.670752] pci 0000:00:18.2: BAR 13: can't assign io (size 0x1000)
[    0.670755] pci 0000:00:18.3: BAR 13: can't assign io (size 0x1000)
[    0.670758] pci 0000:00:18.4: BAR 13: can't assign io (size 0x1000)
[    0.670761] pci 0000:00:18.5: BAR 13: can't assign io (size 0x1000)
[    0.670764] pci 0000:00:18.6: BAR 13: can't assign io (size 0x1000)
[    0.670766] pci 0000:00:18.7: BAR 13: can't assign io (size 0x1000)
[    0.670773] pci 0000:00:18.7: BAR 13: can't assign io (size 0x1000)
[    0.670776] pci 0000:00:18.6: BAR 13: can't assign io (size 0x1000)
[    0.670779] pci 0000:00:18.5: BAR 13: can't assign io (size 0x1000)
[    0.670782] pci 0000:00:18.4: BAR 13: can't assign io (size 0x1000)
[    0.670785] pci 0000:00:18.3: BAR 13: can't assign io (size 0x1000)
[    0.670788] pci 0000:00:18.2: BAR 13: can't assign io (size 0x1000)
[    0.670791] pci 0000:00:17.7: BAR 13: can't assign io (size 0x1000)
[    0.670794] pci 0000:00:17.6: BAR 13: can't assign io (size 0x1000)
[    0.670797] pci 0000:00:17.5: BAR 13: can't assign io (size 0x1000)
[    0.670800] pci 0000:00:17.4: BAR 13: can't assign io (size 0x1000)
[    0.670803] pci 0000:00:17.3: BAR 13: can't assign io (size 0x1000)
[    0.670806] pci 0000:00:16.7: BAR 13: can't assign io (size 0x1000)
[    0.670809] pci 0000:00:16.6: BAR 13: can't assign io (size 0x1000)
[    0.670811] pci 0000:00:16.5: BAR 13: can't assign io (size 0x1000)
[    0.670814] pci 0000:00:16.4: BAR 13: can't assign io (size 0x1000)
[    0.670817] pci 0000:00:16.3: BAR 13: can't assign io (size 0x1000)
[    0.670820] pci 0000:00:15.7: BAR 13: can't assign io (size 0x1000)
[    0.670823] pci 0000:00:15.6: BAR 13: can't assign io (size 0x1000)
[    0.670826] pci 0000:00:15.5: BAR 13: can't assign io (size 0x1000)
[    0.670829] pci 0000:00:15.4: BAR 13: can't assign io (size 0x1000)
[    0.670832] pci 0000:00:15.3: BAR 13: can't assign io (size 0x1000)
[    0.670836] pci 0000:00:01.0: PCI bridge to [bus 01]
[    0.670932] pci 0000:00:11.0: PCI bridge to [bus 02]
[    0.670946] pci 0000:00:11.0:   bridge window [io  0x2000-0x3fff]
[    0.670980] pci 0000:00:11.0:   bridge window [mem 0xd1900000-0xd23fffff]
[    0.671003] pci 0000:00:11.0:   bridge window [mem 0xdc400000-0xdc9fffff 64bit pref]
[    0.671047] pci 0000:03:00.0: BAR 6: assigned [mem 0xd4400000-0xd440ffff pref]
[    0.671050] pci 0000:00:15.0: PCI bridge to [bus 03]
[    0.671088] pci 0000:00:15.0:   bridge window [io  0x4000-0x4fff]
[    0.671124] pci 0000:00:15.0:   bridge window [mem 0xd2400000-0xd24fffff]
[    0.671147] pci 0000:00:15.0:   bridge window [mem 0xd4400000-0xd44fffff 64bit pref]
[    0.671216] pci 0000:00:15.1: PCI bridge to [bus 04]
[    0.671230] pci 0000:00:15.1:   bridge window [io  0x8000-0x8fff]
[    0.671264] pci 0000:00:15.1:   bridge window [mem 0xd2800000-0xd28fffff]
[    0.671287] pci 0000:00:15.1:   bridge window [mem 0xd4800000-0xd48fffff 64bit pref]
[    0.671357] pci 0000:00:15.2: PCI bridge to [bus 05]
[    0.671373] pci 0000:00:15.2:   bridge window [io  0xc000-0xcfff]
[    0.671406] pci 0000:00:15.2:   bridge window [mem 0xd2c00000-0xd2cfffff]
[    0.671429] pci 0000:00:15.2:   bridge window [mem 0xdcb00000-0xdcbfffff 64bit pref]
[    0.671483] pci 0000:00:15.3: PCI bridge to [bus 06]
[    0.671517] pci 0000:00:15.3:   bridge window [mem 0xd3000000-0xd30fffff]
[    0.671540] pci 0000:00:15.3:   bridge window [mem 0xdcd00000-0xdcdfffff 64bit pref]
[    0.671592] pci 0000:00:15.4: PCI bridge to [bus 07]
[    0.671626] pci 0000:00:15.4:   bridge window [mem 0xd3400000-0xd34fffff]
[    0.671649] pci 0000:00:15.4:   bridge window [mem 0xdcf00000-0xdcffffff 64bit pref]
[    0.671700] pci 0000:00:15.5: PCI bridge to [bus 08]
[    0.671733] pci 0000:00:15.5:   bridge window [mem 0xd3800000-0xd38fffff]
[    0.671756] pci 0000:00:15.5:   bridge window [mem 0xdd100000-0xdd1fffff 64bit pref]
[    0.671808] pci 0000:00:15.6: PCI bridge to [bus 09]
[    0.671841] pci 0000:00:15.6:   bridge window [mem 0xd3c00000-0xd3cfffff]
[    0.671864] pci 0000:00:15.6:   bridge window [mem 0xdd300000-0xdd3fffff 64bit pref]
[    0.671916] pci 0000:00:15.7: PCI bridge to [bus 0a]
[    0.671949] pci 0000:00:15.7:   bridge window [mem 0xd4000000-0xd40fffff]
[    0.671972] pci 0000:00:15.7:   bridge window [mem 0xdd500000-0xdd5fffff 64bit pref]
[    0.672026] pci 0000:0b:00.0: BAR 6: assigned [mem 0xd4500000-0xd450ffff pref]
[    0.672029] pci 0000:00:16.0: PCI bridge to [bus 0b]
[    0.672043] pci 0000:00:16.0:   bridge window [io  0x5000-0x5fff]
[    0.672076] pci 0000:00:16.0:   bridge window [mem 0xd2500000-0xd25fffff]
[    0.672099] pci 0000:00:16.0:   bridge window [mem 0xd4500000-0xd45fffff 64bit pref]
[    0.672151] pci 0000:00:16.1: PCI bridge to [bus 0c]
[    0.672165] pci 0000:00:16.1:   bridge window [io  0x9000-0x9fff]
[    0.672198] pci 0000:00:16.1:   bridge window [mem 0xd2900000-0xd29fffff]
[    0.672220] pci 0000:00:16.1:   bridge window [mem 0xd4900000-0xd49fffff 64bit pref]
[    0.672272] pci 0000:00:16.2: PCI bridge to [bus 0d]
[    0.672286] pci 0000:00:16.2:   bridge window [io  0xd000-0xdfff]
[    0.672319] pci 0000:00:16.2:   bridge window [mem 0xd2d00000-0xd2dfffff]
[    0.672360] pci 0000:00:16.2:   bridge window [mem 0xd4b00000-0xd4bfffff 64bit pref]
[    0.672414] pci 0000:00:16.3: PCI bridge to [bus 0e]
[    0.672448] pci 0000:00:16.3:   bridge window [mem 0xd3100000-0xd31fffff]
[    0.672470] pci 0000:00:16.3:   bridge window [mem 0xd4d00000-0xd4dfffff 64bit pref]
[    0.672522] pci 0000:00:16.4: PCI bridge to [bus 0f]
[    0.672555] pci 0000:00:16.4:   bridge window [mem 0xd3500000-0xd35fffff]
[    0.672578] pci 0000:00:16.4:   bridge window [mem 0xd4f00000-0xd4ffffff 64bit pref]
[    0.672630] pci 0000:00:16.5: PCI bridge to [bus 10]
[    0.672663] pci 0000:00:16.5:   bridge window [mem 0xd3900000-0xd39fffff]
[    0.672686] pci 0000:00:16.5:   bridge window [mem 0xd5100000-0xd51fffff 64bit pref]
[    0.672737] pci 0000:00:16.6: PCI bridge to [bus 11]
[    0.672771] pci 0000:00:16.6:   bridge window [mem 0xd3d00000-0xd3dfffff]
[    0.672794] pci 0000:00:16.6:   bridge window [mem 0xd5300000-0xd53fffff 64bit pref]
[    0.672845] pci 0000:00:16.7: PCI bridge to [bus 12]
[    0.672879] pci 0000:00:16.7:   bridge window [mem 0xd4100000-0xd41fffff]
[    0.672901] pci 0000:00:16.7:   bridge window [mem 0xd5500000-0xd55fffff 64bit pref]
[    0.672953] pci 0000:00:17.0: PCI bridge to [bus 13]
[    0.672967] pci 0000:00:17.0:   bridge window [io  0x6000-0x6fff]
[    0.673000] pci 0000:00:17.0:   bridge window [mem 0xd2600000-0xd26fffff]
[    0.673023] pci 0000:00:17.0:   bridge window [mem 0xd4600000-0xd46fffff 64bit pref]
[    0.673074] pci 0000:00:17.1: PCI bridge to [bus 14]
[    0.673088] pci 0000:00:17.1:   bridge window [io  0xa000-0xafff]
[    0.673121] pci 0000:00:17.1:   bridge window [mem 0xd2a00000-0xd2afffff]
[    0.673144] pci 0000:00:17.1:   bridge window [mem 0xdca00000-0xdcafffff 64bit pref]
[    0.673195] pci 0000:00:17.2: PCI bridge to [bus 15]
[    0.673209] pci 0000:00:17.2:   bridge window [io  0xe000-0xefff]
[    0.673242] pci 0000:00:17.2:   bridge window [mem 0xd2e00000-0xd2efffff]
[    0.673265] pci 0000:00:17.2:   bridge window [mem 0xdcc00000-0xdccfffff 64bit pref]
[    0.673317] pci 0000:00:17.3: PCI bridge to [bus 16]
[    0.673368] pci 0000:00:17.3:   bridge window [mem 0xd3200000-0xd32fffff]
[    0.673391] pci 0000:00:17.3:   bridge window [mem 0xdce00000-0xdcefffff 64bit pref]
[    0.673445] pci 0000:00:17.4: PCI bridge to [bus 17]
[    0.673479] pci 0000:00:17.4:   bridge window [mem 0xd3600000-0xd36fffff]
[    0.673501] pci 0000:00:17.4:   bridge window [mem 0xdd000000-0xdd0fffff 64bit pref]
[    0.673553] pci 0000:00:17.5: PCI bridge to [bus 18]
[    0.673586] pci 0000:00:17.5:   bridge window [mem 0xd3a00000-0xd3afffff]
[    0.673609] pci 0000:00:17.5:   bridge window [mem 0xdd200000-0xdd2fffff 64bit pref]
[    0.673661] pci 0000:00:17.6: PCI bridge to [bus 19]
[    0.673694] pci 0000:00:17.6:   bridge window [mem 0xd3e00000-0xd3efffff]
[    0.673717] pci 0000:00:17.6:   bridge window [mem 0xdd400000-0xdd4fffff 64bit pref]
[    0.673768] pci 0000:00:17.7: PCI bridge to [bus 1a]
[    0.673802] pci 0000:00:17.7:   bridge window [mem 0xd4200000-0xd42fffff]
[    0.673825] pci 0000:00:17.7:   bridge window [mem 0xdd600000-0xdd6fffff 64bit pref]
[    0.673876] pci 0000:00:18.0: PCI bridge to [bus 1b]
[    0.673890] pci 0000:00:18.0:   bridge window [io  0x7000-0x7fff]
[    0.673923] pci 0000:00:18.0:   bridge window [mem 0xd2700000-0xd27fffff]
[    0.673946] pci 0000:00:18.0:   bridge window [mem 0xd4700000-0xd47fffff 64bit pref]
[    0.673997] pci 0000:00:18.1: PCI bridge to [bus 1c]
[    0.674011] pci 0000:00:18.1:   bridge window [io  0xb000-0xbfff]
[    0.674044] pci 0000:00:18.1:   bridge window [mem 0xd2b00000-0xd2bfffff]
[    0.674067] pci 0000:00:18.1:   bridge window [mem 0xd4a00000-0xd4afffff 64bit pref]
[    0.674119] pci 0000:00:18.2: PCI bridge to [bus 1d]
[    0.674152] pci 0000:00:18.2:   bridge window [mem 0xd2f00000-0xd2ffffff]
[    0.674175] pci 0000:00:18.2:   bridge window [mem 0xd4c00000-0xd4cfffff 64bit pref]
[    0.674227] pci 0000:00:18.3: PCI bridge to [bus 1e]
[    0.674260] pci 0000:00:18.3:   bridge window [mem 0xd3300000-0xd33fffff]
[    0.674284] pci 0000:00:18.3:   bridge window [mem 0xd4e00000-0xd4efffff 64bit pref]
[    0.674351] pci 0000:00:18.4: PCI bridge to [bus 1f]
[    0.674386] pci 0000:00:18.4:   bridge window [mem 0xd3700000-0xd37fffff]
[    0.674409] pci 0000:00:18.4:   bridge window [mem 0xd5000000-0xd50fffff 64bit pref]
[    0.674463] pci 0000:00:18.5: PCI bridge to [bus 20]
[    0.674496] pci 0000:00:18.5:   bridge window [mem 0xd3b00000-0xd3bfffff]
[    0.674519] pci 0000:00:18.5:   bridge window [mem 0xd5200000-0xd52fffff 64bit pref]
[    0.674570] pci 0000:00:18.6: PCI bridge to [bus 21]
[    0.674604] pci 0000:00:18.6:   bridge window [mem 0xd3f00000-0xd3ffffff]
[    0.674626] pci 0000:00:18.6:   bridge window [mem 0xd5400000-0xd54fffff 64bit pref]
[    0.674678] pci 0000:00:18.7: PCI bridge to [bus 22]
[    0.674711] pci 0000:00:18.7:   bridge window [mem 0xd4300000-0xd43fffff]
[    0.674734] pci 0000:00:18.7:   bridge window [mem 0xd5600000-0xd56fffff 64bit pref]
[    0.674787] pci_bus 0000:00: resource 4 [mem 0x000a0000-0x000bffff]
[    0.674789] pci_bus 0000:00: resource 5 [mem 0x000cc000-0x000cffff]
[    0.674792] pci_bus 0000:00: resource 6 [mem 0x000d0000-0x000d3fff]
[    0.674794] pci_bus 0000:00: resource 7 [mem 0x000d4000-0x000d7fff]
[    0.674796] pci_bus 0000:00: resource 8 [mem 0x000d8000-0x000dbfff]
[    0.674798] pci_bus 0000:00: resource 9 [mem 0xc0000000-0xfebfffff]
[    0.674801] pci_bus 0000:00: resource 10 [io  0x0000-0x0cf7]
[    0.674803] pci_bus 0000:00: resource 11 [io  0x0d00-0xfeff]
[    0.674806] pci_bus 0000:02: resource 0 [io  0x2000-0x3fff]
[    0.674808] pci_bus 0000:02: resource 1 [mem 0xd1900000-0xd23fffff]
[    0.674811] pci_bus 0000:02: resource 2 [mem 0xdc400000-0xdc9fffff 64bit pref]
[    0.674813] pci_bus 0000:02: resource 4 [mem 0x000a0000-0x000bffff]
[    0.674815] pci_bus 0000:02: resource 5 [mem 0x000cc000-0x000cffff]
[    0.674817] pci_bus 0000:02: resource 6 [mem 0x000d0000-0x000d3fff]
[    0.674819] pci_bus 0000:02: resource 7 [mem 0x000d4000-0x000d7fff]
[    0.674822] pci_bus 0000:02: resource 8 [mem 0x000d8000-0x000dbfff]
[    0.674824] pci_bus 0000:02: resource 9 [mem 0xc0000000-0xfebfffff]
[    0.674826] pci_bus 0000:02: resource 10 [io  0x0000-0x0cf7]
[    0.674828] pci_bus 0000:02: resource 11 [io  0x0d00-0xfeff]
[    0.674831] pci_bus 0000:03: resource 0 [io  0x4000-0x4fff]
[    0.674833] pci_bus 0000:03: resource 1 [mem 0xd2400000-0xd24fffff]
[    0.674835] pci_bus 0000:03: resource 2 [mem 0xd4400000-0xd44fffff 64bit pref]
[    0.674838] pci_bus 0000:04: resource 0 [io  0x8000-0x8fff]
[    0.674840] pci_bus 0000:04: resource 1 [mem 0xd2800000-0xd28fffff]
[    0.674842] pci_bus 0000:04: resource 2 [mem 0xd4800000-0xd48fffff 64bit pref]
[    0.674845] pci_bus 0000:05: resource 0 [io  0xc000-0xcfff]
[    0.674847] pci_bus 0000:05: resource 1 [mem 0xd2c00000-0xd2cfffff]
[    0.674849] pci_bus 0000:05: resource 2 [mem 0xdcb00000-0xdcbfffff 64bit pref]
[    0.674851] pci_bus 0000:06: resource 1 [mem 0xd3000000-0xd30fffff]
[    0.674854] pci_bus 0000:06: resource 2 [mem 0xdcd00000-0xdcdfffff 64bit pref]
[    0.674856] pci_bus 0000:07: resource 1 [mem 0xd3400000-0xd34fffff]
[    0.674858] pci_bus 0000:07: resource 2 [mem 0xdcf00000-0xdcffffff 64bit pref]
[    0.674861] pci_bus 0000:08: resource 1 [mem 0xd3800000-0xd38fffff]
[    0.674863] pci_bus 0000:08: resource 2 [mem 0xdd100000-0xdd1fffff 64bit pref]
[    0.674865] pci_bus 0000:09: resource 1 [mem 0xd3c00000-0xd3cfffff]
[    0.674868] pci_bus 0000:09: resource 2 [mem 0xdd300000-0xdd3fffff 64bit pref]
[    0.674870] pci_bus 0000:0a: resource 1 [mem 0xd4000000-0xd40fffff]
[    0.674872] pci_bus 0000:0a: resource 2 [mem 0xdd500000-0xdd5fffff 64bit pref]
[    0.674875] pci_bus 0000:0b: resource 0 [io  0x5000-0x5fff]
[    0.674877] pci_bus 0000:0b: resource 1 [mem 0xd2500000-0xd25fffff]
[    0.674879] pci_bus 0000:0b: resource 2 [mem 0xd4500000-0xd45fffff 64bit pref]
[    0.674881] pci_bus 0000:0c: resource 0 [io  0x9000-0x9fff]
[    0.674884] pci_bus 0000:0c: resource 1 [mem 0xd2900000-0xd29fffff]
[    0.674886] pci_bus 0000:0c: resource 2 [mem 0xd4900000-0xd49fffff 64bit pref]
[    0.674888] pci_bus 0000:0d: resource 0 [io  0xd000-0xdfff]
[    0.674890] pci_bus 0000:0d: resource 1 [mem 0xd2d00000-0xd2dfffff]
[    0.674893] pci_bus 0000:0d: resource 2 [mem 0xd4b00000-0xd4bfffff 64bit pref]
[    0.674895] pci_bus 0000:0e: resource 1 [mem 0xd3100000-0xd31fffff]
[    0.674897] pci_bus 0000:0e: resource 2 [mem 0xd4d00000-0xd4dfffff 64bit pref]
[    0.674900] pci_bus 0000:0f: resource 1 [mem 0xd3500000-0xd35fffff]
[    0.674902] pci_bus 0000:0f: resource 2 [mem 0xd4f00000-0xd4ffffff 64bit pref]
[    0.674904] pci_bus 0000:10: resource 1 [mem 0xd3900000-0xd39fffff]
[    0.674907] pci_bus 0000:10: resource 2 [mem 0xd5100000-0xd51fffff 64bit pref]
[    0.674909] pci_bus 0000:11: resource 1 [mem 0xd3d00000-0xd3dfffff]
[    0.674911] pci_bus 0000:11: resource 2 [mem 0xd5300000-0xd53fffff 64bit pref]
[    0.674913] pci_bus 0000:12: resource 1 [mem 0xd4100000-0xd41fffff]
[    0.674916] pci_bus 0000:12: resource 2 [mem 0xd5500000-0xd55fffff 64bit pref]
[    0.674918] pci_bus 0000:13: resource 0 [io  0x6000-0x6fff]
[    0.674920] pci_bus 0000:13: resource 1 [mem 0xd2600000-0xd26fffff]
[    0.674923] pci_bus 0000:13: resource 2 [mem 0xd4600000-0xd46fffff 64bit pref]
[    0.674925] pci_bus 0000:14: resource 0 [io  0xa000-0xafff]
[    0.674927] pci_bus 0000:14: resource 1 [mem 0xd2a00000-0xd2afffff]
[    0.674929] pci_bus 0000:14: resource 2 [mem 0xdca00000-0xdcafffff 64bit pref]
[    0.674932] pci_bus 0000:15: resource 0 [io  0xe000-0xefff]
[    0.674934] pci_bus 0000:15: resource 1 [mem 0xd2e00000-0xd2efffff]
[    0.674936] pci_bus 0000:15: resource 2 [mem 0xdcc00000-0xdccfffff 64bit pref]
[    0.674938] pci_bus 0000:16: resource 1 [mem 0xd3200000-0xd32fffff]
[    0.674941] pci_bus 0000:16: resource 2 [mem 0xdce00000-0xdcefffff 64bit pref]
[    0.674943] pci_bus 0000:17: resource 1 [mem 0xd3600000-0xd36fffff]
[    0.674945] pci_bus 0000:17: resource 2 [mem 0xdd000000-0xdd0fffff 64bit pref]
[    0.674948] pci_bus 0000:18: resource 1 [mem 0xd3a00000-0xd3afffff]
[    0.674950] pci_bus 0000:18: resource 2 [mem 0xdd200000-0xdd2fffff 64bit pref]
[    0.674952] pci_bus 0000:19: resource 1 [mem 0xd3e00000-0xd3efffff]
[    0.674955] pci_bus 0000:19: resource 2 [mem 0xdd400000-0xdd4fffff 64bit pref]
[    0.674957] pci_bus 0000:1a: resource 1 [mem 0xd4200000-0xd42fffff]
[    0.674959] pci_bus 0000:1a: resource 2 [mem 0xdd600000-0xdd6fffff 64bit pref]
[    0.674962] pci_bus 0000:1b: resource 0 [io  0x7000-0x7fff]
[    0.674964] pci_bus 0000:1b: resource 1 [mem 0xd2700000-0xd27fffff]
[    0.674966] pci_bus 0000:1b: resource 2 [mem 0xd4700000-0xd47fffff 64bit pref]
[    0.674968] pci_bus 0000:1c: resource 0 [io  0xb000-0xbfff]
[    0.674971] pci_bus 0000:1c: resource 1 [mem 0xd2b00000-0xd2bfffff]
[    0.674973] pci_bus 0000:1c: resource 2 [mem 0xd4a00000-0xd4afffff 64bit pref]
[    0.674975] pci_bus 0000:1d: resource 1 [mem 0xd2f00000-0xd2ffffff]
[    0.674977] pci_bus 0000:1d: resource 2 [mem 0xd4c00000-0xd4cfffff 64bit pref]
[    0.674980] pci_bus 0000:1e: resource 1 [mem 0xd3300000-0xd33fffff]
[    0.674982] pci_bus 0000:1e: resource 2 [mem 0xd4e00000-0xd4efffff 64bit pref]
[    0.674984] pci_bus 0000:1f: resource 1 [mem 0xd3700000-0xd37fffff]
[    0.674987] pci_bus 0000:1f: resource 2 [mem 0xd5000000-0xd50fffff 64bit pref]
[    0.674989] pci_bus 0000:20: resource 1 [mem 0xd3b00000-0xd3bfffff]
[    0.674991] pci_bus 0000:20: resource 2 [mem 0xd5200000-0xd52fffff 64bit pref]
[    0.674994] pci_bus 0000:21: resource 1 [mem 0xd3f00000-0xd3ffffff]
[    0.674996] pci_bus 0000:21: resource 2 [mem 0xd5400000-0xd54fffff 64bit pref]
[    0.674998] pci_bus 0000:22: resource 1 [mem 0xd4300000-0xd43fffff]
[    0.675001] pci_bus 0000:22: resource 2 [mem 0xd5600000-0xd56fffff 64bit pref]
[    0.675031] NET: Registered protocol family 2
[    0.675259] TCP established hash table entries: 131072 (order: 8, 1048576 bytes)
[    0.675582] TCP bind hash table entries: 65536 (order: 8, 1048576 bytes)
[    0.675729] TCP: Hash tables configured (established 131072 bind 65536)
[    0.675758] TCP: reno registered
[    0.675782] UDP hash table entries: 8192 (order: 6, 262144 bytes)
[    0.675857] UDP-Lite hash table entries: 8192 (order: 6, 262144 bytes)
[    0.675959] NET: Registered protocol family 1
[    0.675971] pci 0000:00:00.0: Limiting direct PCI/PCI transfers
[    0.676058] pci 0000:00:0f.0: Boot video device
[    0.676464] PCI: CLS 32 bytes, default 64
[    0.676529] Unpacking initramfs...
[    1.001785] Freeing initrd memory: 18864k freed
[    1.006853] PCI-DMA: Using software bounce buffering for IO (SWIOTLB)
[    1.006861] software IO TLB [mem 0xbbee0000-0xbfee0000] (64MB) mapped at [ffff8800bbee0000-ffff8800bfedffff]
[    1.007014] Simple Boot Flag at 0x36 set to 0x80
[    1.007024] Switching to clocksource tsc
[    1.007296] RAPL PMU detected, hw unit 2^-0 Joules, API unit is 2^-32 Joules, 3 fixed counters 10737418240 ms ovfl timer
[    1.007817] microcode: CPU0 sig=0x206d7, pf=0x1, revision=0x70b
[    1.007835] microcode: CPU1 sig=0x206d7, pf=0x1, revision=0x70b
[    1.007853] microcode: CPU2 sig=0x206d7, pf=0x1, revision=0x70b
[    1.007860] microcode: CPU3 sig=0x206d7, pf=0x1, revision=0x70b
[    1.007913] microcode: Microcode Update Driver: v2.00 <tigran@aivazian.fsnet.co.uk>, Peter Oruba
[    1.008283] futex hash table entries: 1024 (order: 4, 65536 bytes)
[    1.008304] Initialise system trusted keyring
[    1.008354] audit: initializing netlink socket (disabled)
[    1.008376] type=2000 audit(1185328515.847:1): initialized
[    1.031835] HugeTLB registered 2 MB page size, pre-allocated 0 pages
[    1.032948] zbud: loaded
[    1.033163] VFS: Disk quotas dquot_6.5.2
[    1.033213] Dquot-cache hash table entries: 512 (order 0, 4096 bytes)
[    1.033420] msgmni has been set to 32242
[    1.033476] Key type big_key registered
[    1.033480] SELinux:  Registering netfilter hooks
[    1.034919] alg: No test for stdrng (krng)
[    1.034942] NET: Registered protocol family 38
[    1.034951] Key type asymmetric registered
[    1.034956] Asymmetric key parser 'x509' registered
[    1.034988] Block layer SCSI generic (bsg) driver version 0.4 loaded (major 251)
[    1.035080] io scheduler noop registered
[    1.035085] io scheduler deadline registered (default)
[    1.035110] io scheduler cfq registered
[    1.035700] pcieport 0000:00:15.0: irq 40 for MSI/MSI-X
[    1.036433] pcieport 0000:00:15.1: irq 41 for MSI/MSI-X
[    1.037064] pcieport 0000:00:15.2: irq 42 for MSI/MSI-X
[    1.037719] pcieport 0000:00:15.3: irq 43 for MSI/MSI-X
[    1.038368] pcieport 0000:00:15.4: irq 44 for MSI/MSI-X
[    1.038996] pcieport 0000:00:15.5: irq 45 for MSI/MSI-X
[    1.039643] pcieport 0000:00:15.6: irq 46 for MSI/MSI-X
[    1.040294] pcieport 0000:00:15.7: irq 47 for MSI/MSI-X
[    1.040922] pcieport 0000:00:16.0: irq 48 for MSI/MSI-X
[    1.041564] pcieport 0000:00:16.1: irq 49 for MSI/MSI-X
[    1.042210] pcieport 0000:00:16.2: irq 50 for MSI/MSI-X
[    1.042837] pcieport 0000:00:16.3: irq 51 for MSI/MSI-X
[    1.043493] pcieport 0000:00:16.4: irq 52 for MSI/MSI-X
[    1.044118] pcieport 0000:00:16.5: irq 53 for MSI/MSI-X
[    1.044763] pcieport 0000:00:16.6: irq 54 for MSI/MSI-X
[    1.045402] pcieport 0000:00:16.7: irq 55 for MSI/MSI-X
[    1.046036] pcieport 0000:00:17.0: irq 56 for MSI/MSI-X
[    1.046712] pcieport 0000:00:17.1: irq 57 for MSI/MSI-X
[    1.047349] pcieport 0000:00:17.2: irq 58 for MSI/MSI-X
[    1.047985] pcieport 0000:00:17.3: irq 59 for MSI/MSI-X
[    1.048630] pcieport 0000:00:17.4: irq 60 for MSI/MSI-X
[    1.049279] pcieport 0000:00:17.5: irq 61 for MSI/MSI-X
[    1.049909] pcieport 0000:00:17.6: irq 62 for MSI/MSI-X
[    1.050552] pcieport 0000:00:17.7: irq 63 for MSI/MSI-X
[    1.051204] pcieport 0000:00:18.0: irq 64 for MSI/MSI-X
[    1.051837] pcieport 0000:00:18.1: irq 65 for MSI/MSI-X
[    1.052487] pcieport 0000:00:18.2: irq 66 for MSI/MSI-X
[    1.053108] pcieport 0000:00:18.3: irq 67 for MSI/MSI-X
[    1.053759] pcieport 0000:00:18.4: irq 68 for MSI/MSI-X
[    1.054405] pcieport 0000:00:18.5: irq 69 for MSI/MSI-X
[    1.055033] pcieport 0000:00:18.6: irq 70 for MSI/MSI-X
[    1.055680] pcieport 0000:00:18.7: irq 71 for MSI/MSI-X
[    1.056248] pcieport 0000:00:15.0: Signaling PME through PCIe PME interrupt
[    1.056251] pci 0000:03:00.0: Signaling PME through PCIe PME interrupt
[    1.056275] pcie_pme 0000:00:15.0:pcie01: service driver pcie_pme loaded
[    1.056389] pcieport 0000:00:15.1: Signaling PME through PCIe PME interrupt
[    1.056413] pcie_pme 0000:00:15.1:pcie01: service driver pcie_pme loaded
[    1.056530] pcieport 0000:00:15.2: Signaling PME through PCIe PME interrupt
[    1.056555] pcie_pme 0000:00:15.2:pcie01: service driver pcie_pme loaded
[    1.056667] pcieport 0000:00:15.3: Signaling PME through PCIe PME interrupt
[    1.056691] pcie_pme 0000:00:15.3:pcie01: service driver pcie_pme loaded
[    1.056804] pcieport 0000:00:15.4: Signaling PME through PCIe PME interrupt
[    1.056827] pcie_pme 0000:00:15.4:pcie01: service driver pcie_pme loaded
[    1.056943] pcieport 0000:00:15.5: Signaling PME through PCIe PME interrupt
[    1.056967] pcie_pme 0000:00:15.5:pcie01: service driver pcie_pme loaded
[    1.057080] pcieport 0000:00:15.6: Signaling PME through PCIe PME interrupt
[    1.057104] pcie_pme 0000:00:15.6:pcie01: service driver pcie_pme loaded
[    1.057235] pcieport 0000:00:15.7: Signaling PME through PCIe PME interrupt
[    1.057261] pcie_pme 0000:00:15.7:pcie01: service driver pcie_pme loaded
[    1.057378] pcieport 0000:00:16.0: Signaling PME through PCIe PME interrupt
[    1.057380] pci 0000:0b:00.0: Signaling PME through PCIe PME interrupt
[    1.057404] pcie_pme 0000:00:16.0:pcie01: service driver pcie_pme loaded
[    1.057516] pcieport 0000:00:16.1: Signaling PME through PCIe PME interrupt
[    1.057540] pcie_pme 0000:00:16.1:pcie01: service driver pcie_pme loaded
[    1.057652] pcieport 0000:00:16.2: Signaling PME through PCIe PME interrupt
[    1.057676] pcie_pme 0000:00:16.2:pcie01: service driver pcie_pme loaded
[    1.057792] pcieport 0000:00:16.3: Signaling PME through PCIe PME interrupt
[    1.057816] pcie_pme 0000:00:16.3:pcie01: service driver pcie_pme loaded
[    1.057928] pcieport 0000:00:16.4: Signaling PME through PCIe PME interrupt
[    1.057952] pcie_pme 0000:00:16.4:pcie01: service driver pcie_pme loaded
[    1.058068] pcieport 0000:00:16.5: Signaling PME through PCIe PME interrupt
[    1.058092] pcie_pme 0000:00:16.5:pcie01: service driver pcie_pme loaded
[    1.058219] pcieport 0000:00:16.6: Signaling PME through PCIe PME interrupt
[    1.058244] pcie_pme 0000:00:16.6:pcie01: service driver pcie_pme loaded
[    1.058361] pcieport 0000:00:16.7: Signaling PME through PCIe PME interrupt
[    1.058385] pcie_pme 0000:00:16.7:pcie01: service driver pcie_pme loaded
[    1.058501] pcieport 0000:00:17.0: Signaling PME through PCIe PME interrupt
[    1.058526] pcie_pme 0000:00:17.0:pcie01: service driver pcie_pme loaded
[    1.058638] pcieport 0000:00:17.1: Signaling PME through PCIe PME interrupt
[    1.058662] pcie_pme 0000:00:17.1:pcie01: service driver pcie_pme loaded
[    1.058774] pcieport 0000:00:17.2: Signaling PME through PCIe PME interrupt
[    1.058798] pcie_pme 0000:00:17.2:pcie01: service driver pcie_pme loaded
[    1.058913] pcieport 0000:00:17.3: Signaling PME through PCIe PME interrupt
[    1.058937] pcie_pme 0000:00:17.3:pcie01: service driver pcie_pme loaded
[    1.059050] pcieport 0000:00:17.4: Signaling PME through PCIe PME interrupt
[    1.059073] pcie_pme 0000:00:17.4:pcie01: service driver pcie_pme loaded
[    1.059200] pcieport 0000:00:17.5: Signaling PME through PCIe PME interrupt
[    1.059225] pcie_pme 0000:00:17.5:pcie01: service driver pcie_pme loaded
[    1.059338] pcieport 0000:00:17.6: Signaling PME through PCIe PME interrupt
[    1.059362] pcie_pme 0000:00:17.6:pcie01: service driver pcie_pme loaded
[    1.059478] pcieport 0000:00:17.7: Signaling PME through PCIe PME interrupt
[    1.059502] pcie_pme 0000:00:17.7:pcie01: service driver pcie_pme loaded
[    1.059615] pcieport 0000:00:18.0: Signaling PME through PCIe PME interrupt
[    1.059638] pcie_pme 0000:00:18.0:pcie01: service driver pcie_pme loaded
[    1.059751] pcieport 0000:00:18.1: Signaling PME through PCIe PME interrupt
[    1.059774] pcie_pme 0000:00:18.1:pcie01: service driver pcie_pme loaded
[    1.059886] pcieport 0000:00:18.2: Signaling PME through PCIe PME interrupt
[    1.059910] pcie_pme 0000:00:18.2:pcie01: service driver pcie_pme loaded
[    1.060027] pcieport 0000:00:18.3: Signaling PME through PCIe PME interrupt
[    1.060051] pcie_pme 0000:00:18.3:pcie01: service driver pcie_pme loaded
[    1.060181] pcieport 0000:00:18.4: Signaling PME through PCIe PME interrupt
[    1.060206] pcie_pme 0000:00:18.4:pcie01: service driver pcie_pme loaded
[    1.060319] pcieport 0000:00:18.5: Signaling PME through PCIe PME interrupt
[    1.060343] pcie_pme 0000:00:18.5:pcie01: service driver pcie_pme loaded
[    1.060455] pcieport 0000:00:18.6: Signaling PME through PCIe PME interrupt
[    1.060479] pcie_pme 0000:00:18.6:pcie01: service driver pcie_pme loaded
[    1.060595] pcieport 0000:00:18.7: Signaling PME through PCIe PME interrupt
[    1.060619] pcie_pme 0000:00:18.7:pcie01: service driver pcie_pme loaded
[    1.060637] pci_hotplug: PCI Hot Plug PCI Core version: 0.5
[    1.061127] pciehp 0000:00:15.0:pcie04: Slot #160 AttnBtn+ AttnInd- PwrInd- PwrCtrl+ MRL- Interlock- NoCompl+ LLActRep+
[    1.061252] pciehp 0000:00:15.0:pcie04: service driver pciehp loaded
[    1.061320] pciehp 0000:00:15.1:pcie04: Slot #161 AttnBtn+ AttnInd- PwrInd- PwrCtrl+ MRL- Interlock- NoCompl+ LLActRep+
[    1.061405] pciehp 0000:00:15.1:pcie04: service driver pciehp loaded
[    1.061473] pciehp 0000:00:15.2:pcie04: Slot #162 AttnBtn+ AttnInd- PwrInd- PwrCtrl+ MRL- Interlock- NoCompl+ LLActRep+
[    1.061556] pciehp 0000:00:15.2:pcie04: service driver pciehp loaded
[    1.061623] pciehp 0000:00:15.3:pcie04: Slot #163 AttnBtn+ AttnInd- PwrInd- PwrCtrl+ MRL- Interlock- NoCompl+ LLActRep+
[    1.061710] pciehp 0000:00:15.3:pcie04: service driver pciehp loaded
[    1.061777] pciehp 0000:00:15.4:pcie04: Slot #164 AttnBtn+ AttnInd- PwrInd- PwrCtrl+ MRL- Interlock- NoCompl+ LLActRep+
[    1.061867] pciehp 0000:00:15.4:pcie04: service driver pciehp loaded
[    1.061935] pciehp 0000:00:15.5:pcie04: Slot #165 AttnBtn+ AttnInd- PwrInd- PwrCtrl+ MRL- Interlock- NoCompl+ LLActRep+
[    1.062021] pciehp 0000:00:15.5:pcie04: service driver pciehp loaded
[    1.062090] pciehp 0000:00:15.6:pcie04: Slot #166 AttnBtn+ AttnInd- PwrInd- PwrCtrl+ MRL- Interlock- NoCompl+ LLActRep+
[    1.062187] pciehp 0000:00:15.6:pcie04: service driver pciehp loaded
[    1.062255] pciehp 0000:00:15.7:pcie04: Slot #167 AttnBtn+ AttnInd- PwrInd- PwrCtrl+ MRL- Interlock- NoCompl+ LLActRep+
[    1.062338] pciehp 0000:00:15.7:pcie04: service driver pciehp loaded
[    1.062406] pciehp 0000:00:16.0:pcie04: Slot #192 AttnBtn+ AttnInd- PwrInd- PwrCtrl+ MRL- Interlock- NoCompl+ LLActRep+
[    1.062491] pciehp 0000:00:16.0:pcie04: service driver pciehp loaded
[    1.062559] pciehp 0000:00:16.1:pcie04: Slot #193 AttnBtn+ AttnInd- PwrInd- PwrCtrl+ MRL- Interlock- NoCompl+ LLActRep+
[    1.062641] pciehp 0000:00:16.1:pcie04: service driver pciehp loaded
[    1.062709] pciehp 0000:00:16.2:pcie04: Slot #194 AttnBtn+ AttnInd- PwrInd- PwrCtrl+ MRL- Interlock- NoCompl+ LLActRep+
[    1.062791] pciehp 0000:00:16.2:pcie04: service driver pciehp loaded
[    1.062858] pciehp 0000:00:16.3:pcie04: Slot #195 AttnBtn+ AttnInd- PwrInd- PwrCtrl+ MRL- Interlock- NoCompl+ LLActRep+
[    1.062940] pciehp 0000:00:16.3:pcie04: service driver pciehp loaded
[    1.063012] pciehp 0000:00:16.4:pcie04: Slot #196 AttnBtn+ AttnInd- PwrInd- PwrCtrl+ MRL- Interlock- NoCompl+ LLActRep+
[    1.063095] pciehp 0000:00:16.4:pcie04: service driver pciehp loaded
[    1.063176] pciehp 0000:00:16.5:pcie04: Slot #197 AttnBtn+ AttnInd- PwrInd- PwrCtrl+ MRL- Interlock- NoCompl+ LLActRep+
[    1.063261] pciehp 0000:00:16.5:pcie04: service driver pciehp loaded
[    1.063328] pciehp 0000:00:16.6:pcie04: Slot #198 AttnBtn+ AttnInd- PwrInd- PwrCtrl+ MRL- Interlock- NoCompl+ LLActRep+
[    1.063410] pciehp 0000:00:16.6:pcie04: service driver pciehp loaded
[    1.063477] pciehp 0000:00:16.7:pcie04: Slot #199 AttnBtn+ AttnInd- PwrInd- PwrCtrl+ MRL- Interlock- NoCompl+ LLActRep+
[    1.063559] pciehp 0000:00:16.7:pcie04: service driver pciehp loaded
[    1.063627] pciehp 0000:00:17.0:pcie04: Slot #224 AttnBtn+ AttnInd- PwrInd- PwrCtrl+ MRL- Interlock- NoCompl+ LLActRep+
[    1.063708] pciehp 0000:00:17.0:pcie04: service driver pciehp loaded
[    1.063782] pciehp 0000:00:17.1:pcie04: Slot #225 AttnBtn+ AttnInd- PwrInd- PwrCtrl+ MRL- Interlock- NoCompl+ LLActRep+
[    1.063864] pciehp 0000:00:17.1:pcie04: service driver pciehp loaded
[    1.063931] pciehp 0000:00:17.2:pcie04: Slot #226 AttnBtn+ AttnInd- PwrInd- PwrCtrl+ MRL- Interlock- NoCompl+ LLActRep+
[    1.064013] pciehp 0000:00:17.2:pcie04: service driver pciehp loaded
[    1.064085] pciehp 0000:00:17.3:pcie04: Slot #227 AttnBtn+ AttnInd- PwrInd- PwrCtrl+ MRL- Interlock- NoCompl+ LLActRep+
[    1.064186] pciehp 0000:00:17.3:pcie04: service driver pciehp loaded
[    1.064259] pciehp 0000:00:17.4:pcie04: Slot #228 AttnBtn+ AttnInd- PwrInd- PwrCtrl+ MRL- Interlock- NoCompl+ LLActRep+
[    1.064343] pciehp 0000:00:17.4:pcie04: service driver pciehp loaded
[    1.064410] pciehp 0000:00:17.5:pcie04: Slot #229 AttnBtn+ AttnInd- PwrInd- PwrCtrl+ MRL- Interlock- NoCompl+ LLActRep+
[    1.064496] pciehp 0000:00:17.5:pcie04: service driver pciehp loaded
[    1.064563] pciehp 0000:00:17.6:pcie04: Slot #230 AttnBtn+ AttnInd- PwrInd- PwrCtrl+ MRL- Interlock- NoCompl+ LLActRep+
[    1.064645] pciehp 0000:00:17.6:pcie04: service driver pciehp loaded
[    1.064712] pciehp 0000:00:17.7:pcie04: Slot #231 AttnBtn+ AttnInd- PwrInd- PwrCtrl+ MRL- Interlock- NoCompl+ LLActRep+
[    1.064794] pciehp 0000:00:17.7:pcie04: service driver pciehp loaded
[    1.064862] pciehp 0000:00:18.0:pcie04: Slot #256 AttnBtn+ AttnInd- PwrInd- PwrCtrl+ MRL- Interlock- NoCompl+ LLActRep+
[    1.064948] pciehp 0000:00:18.0:pcie04: service driver pciehp loaded
[    1.065016] pciehp 0000:00:18.1:pcie04: Slot #257 AttnBtn+ AttnInd- PwrInd- PwrCtrl+ MRL- Interlock- NoCompl+ LLActRep+
[    1.065099] pciehp 0000:00:18.1:pcie04: service driver pciehp loaded
[    1.065182] pciehp 0000:00:18.2:pcie04: Slot #258 AttnBtn+ AttnInd- PwrInd- PwrCtrl+ MRL- Interlock- NoCompl+ LLActRep+
[    1.065269] pciehp 0000:00:18.2:pcie04: service driver pciehp loaded
[    1.065337] pciehp 0000:00:18.3:pcie04: Slot #259 AttnBtn+ AttnInd- PwrInd- PwrCtrl+ MRL- Interlock- NoCompl+ LLActRep+
[    1.065424] pciehp 0000:00:18.3:pcie04: service driver pciehp loaded
[    1.065492] pciehp 0000:00:18.4:pcie04: Slot #260 AttnBtn+ AttnInd- PwrInd- PwrCtrl+ MRL- Interlock- NoCompl+ LLActRep+
[    1.065574] pciehp 0000:00:18.4:pcie04: service driver pciehp loaded
[    1.065641] pciehp 0000:00:18.5:pcie04: Slot #261 AttnBtn+ AttnInd- PwrInd- PwrCtrl+ MRL- Interlock- NoCompl+ LLActRep+
[    1.065723] pciehp 0000:00:18.5:pcie04: service driver pciehp loaded
[    1.065790] pciehp 0000:00:18.6:pcie04: Slot #262 AttnBtn+ AttnInd- PwrInd- PwrCtrl+ MRL- Interlock- NoCompl+ LLActRep+
[    1.065882] pciehp 0000:00:18.6:pcie04: service driver pciehp loaded
[    1.065950] pciehp 0000:00:18.7:pcie04: Slot #263 AttnBtn+ AttnInd- PwrInd- PwrCtrl+ MRL- Interlock- NoCompl+ LLActRep+
[    1.066032] pciehp 0000:00:18.7:pcie04: service driver pciehp loaded
[    1.066038] pciehp: PCI Express Hot Plug Controller Driver version: 0.4
[    1.066111] intel_idle: does not run on family 6 model 45
[    1.066384] ACPI: AC Adapter [ACAD] (on-line)
[    1.066632] input: Power Button as /devices/LNXSYSTM:00/LNXPWRBN:00/input/input0
[    1.066637] ACPI: Power Button [PWRF]
[    1.067138] GHES: HEST is not enabled!
[    1.067260] Serial: 8250/16550 driver, 4 ports, IRQ sharing enabled
[    1.092560] 00:09: ttyS0 at I/O 0x3f8 (irq = 4) is a 16550A
[    1.117834] 00:0a: ttyS1 at I/O 0x2f8 (irq = 3) is a 16550A
[    1.118535] Non-volatile memory driver v1.3
[    1.118541] Linux agpgart interface v0.103
[    1.118672] agpgart-intel 0000:00:00.0: Intel 440BX Chipset
[    1.119731] agpgart-intel 0000:00:00.0: AGP aperture is 256M @ 0x0
[    1.119846] crash memory driver: version 1.1
[    1.119881] rdac: device handler registered
[    1.119975] hp_sw: device handler registered
[    1.119981] emc: device handler registered
[    1.119986] alua: device handler registered
[    1.120026] libphy: Fixed MDIO Bus: probed
[    1.120105] ehci_hcd: USB 2.0 'Enhanced' Host Controller (EHCI) Driver
[    1.120111] ehci-pci: EHCI PCI platform driver
[    1.120125] ohci_hcd: USB 1.1 'Open' Host Controller (OHCI) Driver
[    1.120148] ohci-pci: OHCI PCI platform driver
[    1.120165] uhci_hcd: USB Universal Host Controller Interface driver
[    1.120217] usbcore: registered new interface driver usbserial
[    1.120224] usbcore: registered new interface driver usbserial_generic
[    1.120235] usbserial: USB Serial support registered for generic
[    1.120265] i8042: PNP: PS/2 Controller [PNP0303:KBC,PNP0f13:MOUS] at 0x60,0x64 irq 1,12
[    1.121394] serio: i8042 KBD port at 0x60,0x64 irq 1
[    1.121402] serio: i8042 AUX port at 0x60,0x64 irq 12
[    1.121482] mousedev: PS/2 mouse device common for all mice
[    1.123056] input: AT Translated Set 2 keyboard as /devices/platform/i8042/serio0/input/input1
[    1.142150] rtc_cmos 00:03: rtc core: registered rtc_cmos as rtc0
[    1.142314] rtc_cmos 00:03: alarms up to one month, y3k, 114 bytes nvram, hpet irqs
[    1.142369] cpuidle: using governor menu
[    1.143487] hidraw: raw HID events driver (C) Jiri Kosina
[    1.143594] usbcore: registered new interface driver usbhid
[    1.143596] usbhid: USB HID core driver
[    1.143628] <AGIGARAM> AGIGARAM Driver Entry 
[    1.143630] <AGIGARAM> Version     : V1.40
[    1.143632] <AGIGARAM>  nvdimm_probe nvdimm_device = 0, nvdimm_memory = 0
 
[    1.143634] <AGIGARAM> NO NVDIMM Found
[    1.143663] drop_monitor: Initializing network drop monitor service
[    1.143742] TCP: cubic registered
[    1.143747] Initializing XFRM netlink socket
[    1.143833] NET: Registered protocol family 10
[    1.143986] NET: Registered protocol family 17
[    1.144365] Loading compiled-in X.509 certificates
[    1.145011] registered taskstats version 1
[    1.147609] Key type trusted registered
[    1.149801] Key type encrypted registered
[    1.151939] IMA: No TPM chip found, activating TPM-bypass!
[    1.156777] rtc_cmos 00:03: setting system clock to 2007-07-25 01:55:17 UTC (1185328517)
[    1.157547] Freeing unused kernel memory: 1608k freed
[    1.161070] systemd[1]: systemd 208 running in system mode. (+PAM +LIBWRAP +AUDIT +SELINUX +IMA +SYSVINIT +LIBCRYPTSETUP +GCRYPT +ACL +XZ)
[    1.161184] systemd[1]: Detected virtualization 'vmware'.
[    1.161189] systemd[1]: Running in initial RAM disk.
[    1.161258] systemd[1]: Set hostname to <localhost.localdomain>.
[    1.196676] systemd[1]: Expecting device dev-mapper-ik\x2droot.device...
[    1.196693] systemd[1]: Starting -.slice.
[    1.196832] systemd[1]: Created slice -.slice.
[    1.196876] systemd[1]: Starting System Slice.
[    1.196947] systemd[1]: Created slice System Slice.
[    1.196986] systemd[1]: Starting Slices.
[    1.196999] systemd[1]: Reached target Slices.
[    1.197034] systemd[1]: Starting Timers.
[    1.197045] systemd[1]: Reached target Timers.
[    1.197078] systemd[1]: Starting Journal Socket.
[    1.197178] systemd[1]: Listening on Journal Socket.
[    1.197260] systemd[1]: Started dracut ask for additional cmdline parameters.
[    1.197411] systemd[1]: Starting dracut cmdline hook...
[    1.197874] systemd[1]: Starting Load Kernel Modules...
[    1.198224] systemd[1]: Starting Setup Virtual Console...
[    1.198547] systemd[1]: Starting Journal Service...
[    1.198916] systemd[1]: Started Journal Service.
[    1.326004] device-mapper: uevent: version 1.0.3
[    1.326140] device-mapper: ioctl: 4.29.0-ioctl (2014-10-28) initialised: dm-devel@redhat.com
[    1.334976] input: ImPS/2 Generic Wheel Mouse as /devices/platform/i8042/serio1/input/input2
[    1.354729] systemd-udevd[260]: starting version 208
[    1.382109] Floppy drive(s): fd0 is 1.44M
[    1.394573] FDC 0 is a post-1991 82077
[    1.403553] VMware PVSCSI driver - version 1.0.5.0-k
[    1.403845] VMware vmxnet3 virtual NIC driver - version 1.1.30.0-k-NAPI
[    1.403865] vmxnet3 0000:0b:00.0: # of Tx queues : 4, # of Rx queues : 4
[    1.404026] vmw_pvscsi: using 64bit dma
[    1.404231] vmw_pvscsi: max_id: 16
[    1.404234] vmw_pvscsi: setting ring_pages to 8
[    1.410466] vmxnet3 0000:0b:00.0: irq 72 for MSI/MSI-X
[    1.410517] [drm] Initialized drm 1.1.0 20060810
[    1.410543] vmxnet3 0000:0b:00.0: irq 73 for MSI/MSI-X
[    1.410648] vmxnet3 0000:0b:00.0: irq 74 for MSI/MSI-X
[    1.410682] vmxnet3 0000:0b:00.0: irq 75 for MSI/MSI-X
[    1.410714] vmxnet3 0000:0b:00.0: irq 76 for MSI/MSI-X
[    1.411229] vmxnet3 0000:0b:00.0 eth0: NIC Link is Up 10000 Mbps
[    1.417128] libata version 3.00 loaded.
[    1.418559] ata_piix 0000:00:07.1: version 2.13
[    1.421771] scsi host1: ata_piix
[    1.422828] scsi host2: ata_piix
[    1.422861] ata1: PATA max UDMA/33 cmd 0x1f0 ctl 0x3f6 bmdma 0x10c0 irq 14
[    1.422864] ata2: PATA max UDMA/33 cmd 0x170 ctl 0x376 bmdma 0x10c8 irq 15
[    1.425716] vmw_pvscsi 0000:03:00.0: irq 77 for MSI/MSI-X
[    1.425805] vmw_pvscsi: using MSI-X
[    1.425824] pvscsi: device does not support req_threshold
[    1.425827] pvscsi: driver-based request coalescing disabled
[    1.425931] scsi host0: VMware PVSCSI storage adapter rev 2, req/cmp/msg rings: 8/8/1 pages, cmd_per_lun=254
[    1.425983] vmw_pvscsi 0000:03:00.0: VMware PVSCSI rev 2 host #0
[    1.426176] scsi 0:0:0:0: Direct-Access     VMware   Virtual disk     1.0  PQ: 0 ANSI: 2
[    1.465171] systemd-udevd[266]: renamed network interface eth0 to ens192
[    1.612047] ata2.00: ATAPI: VMware Virtual IDE CDROM Drive, 00000001, max UDMA/33
[    1.618028] ata2.00: configured for UDMA/33
[    1.618566] scsi 2:0:0:0: CD-ROM            NECVMWar VMware IDE CDR10 1.00 PQ: 0 ANSI: 5
[    1.626314] sd 0:0:0:0: [sda] 419430400 512-byte logical blocks: (214 GB/200 GiB)
[    1.626338] sd 0:0:0:0: [sda] Write Protect is off
[    1.626341] sd 0:0:0:0: [sda] Mode Sense: 61 00 00 00
[    1.626365] sd 0:0:0:0: [sda] Cache data unavailable
[    1.626367] sd 0:0:0:0: [sda] Assuming drive cache: write through
[    1.627137]  sda: sda1 sda2
[    1.627489] sd 0:0:0:0: [sda] Attached SCSI disk
[    1.635470] sr 2:0:0:0: [sr0] scsi3-mmc drive: 1x/1x writer dvd-ram cd/rw xa/form2 cdda tray
[    1.635474] cdrom: Uniform CD-ROM driver Revision: 3.20
[    1.635594] sr 2:0:0:0: Attached scsi CD-ROM sr0
[    1.859103] SGI XFS with ACLs, security attributes, large block/inode numbers, no debug enabled
[    1.861142] XFS (dm-0): Mounting V4 Filesystem
[    1.878057] XFS (dm-0): Ending clean mount
[    2.111843] systemd-journald[106]: Received SIGTERM
[    2.330110] type=1404 audit(1185328518.672:2): enforcing=1 old_enforcing=0 auid=4294967295 ses=4294967295
[    2.509686] SELinux: 2048 avtab hash slots, 111514 rules.
[    2.527832] SELinux: 2048 avtab hash slots, 111514 rules.
[    2.555004] SELinux:  8 users, 102 roles, 4977 types, 295 bools, 1 sens, 1024 cats
[    2.555008] SELinux:  83 classes, 111514 rules
[    2.559392] SELinux:  Completing initialization.
[    2.559395] SELinux:  Setting up existing superblocks.
[    2.559402] SELinux: initialized (dev sysfs, type sysfs), uses genfs_contexts
[    2.559408] SELinux: initialized (dev rootfs, type rootfs), uses genfs_contexts
[    2.559416] SELinux: initialized (dev bdev, type bdev), uses genfs_contexts
[    2.559421] SELinux: initialized (dev proc, type proc), uses genfs_contexts
[    2.559468] SELinux: initialized (dev tmpfs, type tmpfs), uses transition SIDs
[    2.559495] SELinux: initialized (dev devtmpfs, type devtmpfs), uses transition SIDs
[    2.559897] SELinux: initialized (dev sockfs, type sockfs), uses task SIDs
[    2.559902] SELinux: initialized (dev debugfs, type debugfs), uses genfs_contexts
[    2.560778] SELinux: initialized (dev pipefs, type pipefs), uses task SIDs
[    2.560783] SELinux: initialized (dev anon_inodefs, type anon_inodefs), uses genfs_contexts
[    2.560786] SELinux: initialized (dev aio, type aio), not configured for labeling
[    2.560789] SELinux: initialized (dev devpts, type devpts), uses transition SIDs
[    2.560802] SELinux: initialized (dev hugetlbfs, type hugetlbfs), uses transition SIDs
[    2.560808] SELinux: initialized (dev mqueue, type mqueue), uses transition SIDs
[    2.560814] SELinux: initialized (dev selinuxfs, type selinuxfs), uses genfs_contexts
[    2.560825] SELinux: initialized (dev securityfs, type securityfs), uses genfs_contexts
[    2.560829] SELinux: initialized (dev sysfs, type sysfs), uses genfs_contexts
[    2.561315] SELinux: initialized (dev tmpfs, type tmpfs), uses transition SIDs
[    2.561321] SELinux: initialized (dev tmpfs, type tmpfs), uses transition SIDs
[    2.561382] SELinux: initialized (dev tmpfs, type tmpfs), uses transition SIDs
[    2.561406] SELinux: initialized (dev cgroup, type cgroup), uses genfs_contexts
[    2.561415] SELinux: initialized (dev pstore, type pstore), uses genfs_contexts
[    2.561418] SELinux: initialized (dev cgroup, type cgroup), uses genfs_contexts
[    2.561423] SELinux: initialized (dev cgroup, type cgroup), uses genfs_contexts
[    2.561429] SELinux: initialized (dev cgroup, type cgroup), uses genfs_contexts
[    2.561437] SELinux: initialized (dev cgroup, type cgroup), uses genfs_contexts
[    2.561441] SELinux: initialized (dev cgroup, type cgroup), uses genfs_contexts
[    2.561445] SELinux: initialized (dev cgroup, type cgroup), uses genfs_contexts
[    2.561449] SELinux: initialized (dev cgroup, type cgroup), uses genfs_contexts
[    2.561457] SELinux: initialized (dev cgroup, type cgroup), uses genfs_contexts
[    2.561461] SELinux: initialized (dev cgroup, type cgroup), uses genfs_contexts
[    2.561467] SELinux: initialized (dev configfs, type configfs), uses genfs_contexts
[    2.561489] SELinux: initialized (dev dm-0, type xfs), uses xattr
[    2.572291] type=1403 audit(1185328518.914:3): policy loaded auid=4294967295 ses=4294967295
[    2.579519] systemd[1]: Successfully loaded SELinux policy in 260.256ms.
[    2.683926] systemd[1]: Relabelled /dev and /run in 22.933ms.
[    3.341167] SELinux: initialized (dev autofs, type autofs), uses genfs_contexts
[    3.423393] SELinux: initialized (dev hugetlbfs, type hugetlbfs), uses transition SIDs
[    3.762647] systemd-udevd[564]: starting version 208
[    4.213682] piix4_smbus 0000:00:07.3: Host SMBus controller not enabled!
[    4.215119] shpchp: Standard Hot Plug PCI Controller Driver version: 0.4
[    4.222632] vmw_vmci 0000:00:07.7: Found VMCI PCI device at 0x11080, irq 16
[    4.254274] vmw_vmci 0000:00:07.7: Using capabilities 0xc
[    4.254597] vmw_vmci 0000:00:07.7: irq 78 for MSI/MSI-X
[    4.254683] vmw_vmci 0000:00:07.7: irq 79 for MSI/MSI-X
[    4.255617] Guest personality initialized and is active
[    4.255884] VMCI host device registered (name=vmci, major=10, minor=58)
[    4.255887] Initialized host personality
[    4.326748] parport_pc 00:08: reported by Plug and Play ACPI
[    4.326994] parport0: PC-style at 0x378, irq 7 [PCSPP,TRISTATE]
[    4.456498] input: PC Speaker as /devices/platform/pcspkr/input/input3
[    4.505606] ppdev: user-space parallel port driver
[    4.560221] Adding 8388604k swap on /dev/mapper/ik-swap.  Priority:-1 extents:1 across:8388604k FS
[    4.577681] alg: No test for __gcm-aes-aesni (__driver-gcm-aes-aesni)
[    4.600608] XFS (dm-2): Mounting V4 Filesystem
[    4.602293] alg: No test for crc32 (crc32-pclmul)
[    4.652292] XFS (dm-2): Ending clean mount
[    4.652304] SELinux: initialized (dev dm-2, type xfs), uses xattr
[    4.725328] EXT4-fs (sda1): mounted filesystem with ordered data mode. Opts: (null)
[    4.725660] SELinux: initialized (dev sda1, type ext4), uses xattr
[    4.741611] intel_rapl: domain package energy ctr 0:0 not working, skip
[    4.876608] intel_rapl: domain core energy ctr 0:0 not working, skip
[    4.952762] type=1305 audit(1185328521.296:4): audit_pid=1057 old=0 auid=4294967295 ses=4294967295 subj=system_u:system_r:auditd_t:s0 res=1
